
=== 03/03/2021 08:13:18 AM client ===

>>> 9,8,552,0,MU,STK,,0.0,,,SMART,,USD,,,0,,

=== 03/03/2021 08:13:18 AM client ===

>>> 9,8,553,0,CSCO,STK,,0.0,,,SMART,,USD,,,0,,

=== 03/03/2021 08:13:18 AM client ===

>>> 9,8,554,0,AAPL,STK,,0.0,,,SMART,,USD,,,0,,

=== 03/03/2021 08:13:18 AM gui ===

App started!

=== 03/03/2021 08:13:18 AM client ===

>>> 9,8,555,0,IBM,STK,,0.0,,,SMART,,USD,,,0,,

=== 03/03/2021 08:13:18 AM client ===

<<< 10,8,552,MU,STK,,0,,SMART,USD,MU,NMS,NMS,9939,0.01,100,,ACTIVETIM,AD,ADJUST,ALERT,ALGO,ALLOC,AVGCOST,BASKET,BENCHPX,CASHQTY,COND,CONDORDER,DARKONLY,DARKPOLL,DAY,DEACT,DEACTDIS,DEACTEOD,DIS,GAT,GTC,GTD,GTT,HID,IBKRATS,ICE,IMB,IOC,LIT,LMT,LOC,MIDPX,MIT,MKT,MOC,MTL,NGCOMB,NODARK,NONALGO,OCA,OPG,OPGREROUT,PEGBENCH,POSTONLY,PREOPGRTH,PRICECHK,REL,RPI,RTH,SCALE,SCALEODD,SCALERST,SIZECHK,SMARTSTG,SNAPMID,SNAPMKT,SNAPREL,STP,STPLMT,SWEEP,TRAIL,TRAILLIT,TRAILLMT,TRAILMIT,WHATIF,SMART,AMEX,NYSE,CBOE,PHLX,ISE,CHX,ARCA,ISLAND,DRCTEDGE,BEX,BATS,EDGEA,CSFBALGO,JEFFALGO,BYX,IEX,EDGX,FOXRIVER,PEARL,TPLUS1,NYSENAT,LTSE,MEMX,PSX,1,0,MICRON TECHNOLOGY INC,NASDAQ,,Technology,Semiconductors,Electronic Compo-Semicon,US/Eastern,20210303:0400-20210303:2000;20210304:0400-20210304:2000;20210305:0400-20210305:2000;20210306:CLOSED;20210307:CLOSED;20210308:0400-20210308:2000,20210303:0930-20210303:1600;20210304:0930-20210304:1600;20210305:0930-20210305:1600;20210306:CLOSED;20210307:CLOSED;20210308:0930-20210308:1600,,,1,ISIN,US5951121038,1,,,26,26,26,26,26,26,26,26,26,26,26,26,26,26,26,26,26,26,26,26,26,26,26,26,26,,COMMON

=== 03/03/2021 08:13:18 AM client ===

<<< 52,1,552

=== 03/03/2021 08:13:18 AM client ===

<<< 10,8,553,CSCO,STK,,0,,SMART,USD,CSCO,NMS,NMS,268084,0.01,100,,ACTIVETIM,AD,ADJUST,ALERT,ALGO,ALLOC,AVGCOST,BASKET,BENCHPX,CASHQTY,COND,CONDORDER,DARKONLY,DARKPOLL,DAY,DEACT,DEACTDIS,DEACTEOD,DIS,GAT,GTC,GTD,GTT,HID,IBKRATS,ICE,IMB,IOC,LIT,LMT,LOC,MIDPX,MIT,MKT,MOC,MTL,NGCOMB,NODARK,NONALGO,OCA,OPG,OPGREROUT,PEGBENCH,POSTONLY,PREOPGRTH,PRICECHK,REL,RPI,RTH,SCALE,SCALEODD,SCALERST,SIZECHK,SMARTSTG,SNAPMID,SNAPMKT,SNAPREL,STP,STPLMT,SWEEP,TRAIL,TRAILLIT,TRAILLMT,TRAILMIT,WHATIF,SMART,AMEX,NYSE,CBOE,PHLX,ISE,CHX,ARCA,ISLAND,DRCTEDGE,BEX,BATS,EDGEA,CSFBALGO,JEFFALGO,BYX,IEX,EDGX,FOXRIVER,PEARL,TPLUS1,NYSENAT,LTSE,MEMX,PSX,1,0,CISCO SYSTEMS INC,NASDAQ,,Communications,Telecommunications,Networking Products,US/Eastern,20210303:0400-20210303:2000;20210304:0400-20210304:2000;20210305:0400-20210305:2000;20210306:CLOSED;20210307:CLOSED;20210308:0400-20210308:2000,20210303:0930-20210303:1600;20210304:0930-20210304:1600;20210305:0930-20210305:1600;20210306:CLOSED;20210307:CLOSED;20210308:0930-20210308:1600,,,1,ISIN,US17275R1023,1,,,26,26,26,26,26,26,26,26,26,26,26,26,26,26,26,26,26,26,26,26,26,26,26,26,26,,COMMON

=== 03/03/2021 08:13:18 AM client ===

<<< 52,1,553

=== 03/03/2021 08:13:18 AM client ===

<<< 10,8,555,IBM,STK,,0,,SMART,USD,IBM,IBM,IBM,8314,0.01,100,,ACTIVETIM,AD,ADJUST,ALERT,ALGO,ALLOC,AVGCOST,BASKET,BENCHPX,CASHQTY,COND,CONDORDER,DARKONLY,DARKPOLL,DAY,DEACT,DEACTDIS,DEACTEOD,DIS,GAT,GTC,GTD,GTT,HID,IBKRATS,ICE,IMB,IOC,LIT,LMT,LOC,MIDPX,MIT,MKT,MOC,MTL,NGCOMB,NODARK,NONALGO,OCA,OPG,OPGREROUT,PEGBENCH,POSTONLY,PREOPGRTH,PRICECHK,REL,RPI,RTH,RTHIGNOPG,SCALE,SCALEODD,SCALERST,SIZECHK,SMARTSTG,SNAPMID,SNAPMKT,SNAPREL,STP,STPLMT,SWEEP,TRAIL,TRAILLIT,TRAILLMT,TRAILMIT,WHATIF,SMART,AMEX,NYSE,CBOE,PHLX,ISE,CHX,ARCA,ISLAND,DRCTEDGE,BEX,BATS,EDGEA,CSFBALGO,JEFFALGO,BYX,IEX,EDGX,FOXRIVER,PEARL,TPLUS1,NYSENAT,LTSE,MEMX,PSX,1,0,INTL BUSINESS MACHINES CORP,NYSE,,Technology,Computers,Computer Services,US/Eastern,20210303:0400-20210303:2000;20210304:0400-20210304:2000;20210305:0400-20210305:2000;20210306:CLOSED;20210307:CLOSED;20210308:0400-20210308:2000,20210303:0930-20210303:1600;20210304:0930-20210304:1600;20210305:0930-20210305:1600;20210306:CLOSED;20210307:CLOSED;20210308:0930-20210308:1600,,,1,ISIN,US4592001014,1,,,26,26,26,26,26,26,26,26,26,26,26,26,26,26,26,26,26,26,26,26,26,26,26,26,26,,COMMON

=== 03/03/2021 08:13:18 AM client ===

<<< 52,1,555

=== 03/03/2021 08:13:18 AM client ===

<<< 10,8,554,AAPL,STK,,0,,SMART,USD,AAPL,NMS,NMS,265598,0.01,100,,ACTIVETIM,AD,ADJUST,ALERT,ALGO,ALLOC,AVGCOST,BASKET,BENCHPX,CASHQTY,COND,CONDORDER,DARKONLY,DARKPOLL,DAY,DEACT,DEACTDIS,DEACTEOD,DIS,GAT,GTC,GTD,GTT,HID,IBKRATS,ICE,IMB,IOC,LIT,LMT,LOC,MIDPX,MIT,MKT,MOC,MTL,NGCOMB,NODARK,NONALGO,OCA,OPG,OPGREROUT,PEGBENCH,POSTONLY,PREOPGRTH,PRICECHK,REL,RPI,RTH,SCALE,SCALEODD,SCALERST,SIZECHK,SMARTSTG,SNAPMID,SNAPMKT,SNAPREL,STP,STPLMT,SWEEP,TRAIL,TRAILLIT,TRAILLMT,TRAILMIT,WHATIF,SMART,AMEX,NYSE,CBOE,PHLX,ISE,CHX,ARCA,ISLAND,DRCTEDGE,BEX,BATS,EDGEA,CSFBALGO,JEFFALGO,BYX,IEX,EDGX,FOXRIVER,PEARL,TPLUS1,NYSENAT,LTSE,MEMX,PSX,1,0,APPLE INC,NASDAQ,,Technology,Computers,Computers,US/Eastern,20210303:0400-20210303:2000;20210304:0400-20210304:2000;20210305:0400-20210305:2000;20210306:CLOSED;20210307:CLOSED;20210308:0400-20210308:2000,20210303:0930-20210303:1600;20210304:0930-20210304:1600;20210305:0930-20210305:1600;20210306:CLOSED;20210307:CLOSED;20210308:0930-20210308:1600,,,1,ISIN,US0378331005,1,,,26,26,26,26,26,26,26,26,26,26,26,26,26,26,26,26,26,26,26,26,26,26,26,26,26,,COMMON

=== 03/03/2021 08:13:18 AM client ===

<<< 52,1,554

=== 03/03/2021 08:13:18 AM client ===

>>> 20,556,9939,MU,STK,,0.0,,,SMART,NASDAQ,USD,MU,NMS,0,,5 mins,1 W,0,TRADES,1,0,

=== 03/03/2021 08:13:19 AM client ===

<<< 4,2,556,162,Historical Market Data Service error message:Trading TWS session is connected from a different IP address

=== 03/03/2021 08:13:19 AM wrapper ===

Error 162, reqId 556: Historical Market Data Service error message:Trading TWS session is connected from a different IP address, contract: Stock(conId=9939, symbol='MU', exchange='SMART', primaryExchange='NASDAQ', currency='USD', localSymbol='MU', tradingClass='NMS')

=== 03/03/2021 08:13:19 AM client ===

>>> 20,557,268084,CSCO,STK,,0.0,,,SMART,NASDAQ,USD,CSCO,NMS,0,,15 mins,1 W,0,TRADES,1,0,

=== 03/03/2021 08:13:20 AM client ===

<<< 4,2,557,162,Historical Market Data Service error message:Trading TWS session is connected from a different IP address

=== 03/03/2021 08:13:20 AM wrapper ===

Error 162, reqId 557: Historical Market Data Service error message:Trading TWS session is connected from a different IP address, contract: Stock(conId=268084, symbol='CSCO', exchange='SMART', primaryExchange='NASDAQ', currency='USD', localSymbol='CSCO', tradingClass='NMS')

=== 03/03/2021 08:13:20 AM client ===

>>> 20,558,265598,AAPL,STK,,0.0,,,SMART,NASDAQ,USD,AAPL,NMS,0,,15 mins,1 W,0,TRADES,1,0,

=== 03/03/2021 08:13:20 AM client ===

<<< 4,2,558,162,Historical Market Data Service error message:Trading TWS session is connected from a different IP address

=== 03/03/2021 08:13:20 AM wrapper ===

Error 162, reqId 558: Historical Market Data Service error message:Trading TWS session is connected from a different IP address, contract: Stock(conId=265598, symbol='AAPL', exchange='SMART', primaryExchange='NASDAQ', currency='USD', localSymbol='AAPL', tradingClass='NMS')

=== 03/03/2021 08:13:20 AM client ===

>>> 20,559,8314,IBM,STK,,0.0,,,SMART,NYSE,USD,IBM,IBM,0,,15 mins,1 W,0,TRADES,1,0,

=== 03/03/2021 08:13:21 AM client ===

<<< 4,2,559,162,Historical Market Data Service error message:Trading TWS session is connected from a different IP address

=== 03/03/2021 08:13:21 AM wrapper ===

Error 162, reqId 559: Historical Market Data Service error message:Trading TWS session is connected from a different IP address, contract: Stock(conId=8314, symbol='IBM', exchange='SMART', primaryExchange='NYSE', currency='USD', localSymbol='IBM', tradingClass='IBM')

=== 03/03/2021 08:13:22 AM client ===

>>> 9,8,560,0,MU,STK,,0.0,,,SMART,,USD,,,0,,

=== 03/03/2021 08:13:22 AM client ===

>>> 9,8,561,0,CSCO,STK,,0.0,,,SMART,,USD,,,0,,

=== 03/03/2021 08:13:22 AM client ===

>>> 9,8,562,0,AAPL,STK,,0.0,,,SMART,,USD,,,0,,

=== 03/03/2021 08:13:22 AM client ===

>>> 9,8,563,0,IBM,STK,,0.0,,,SMART,,USD,,,0,,

=== 03/03/2021 08:13:22 AM client ===

<<< 10,8,560,MU,STK,,0,,SMART,USD,MU,NMS,NMS,9939,0.01,100,,ACTIVETIM,AD,ADJUST,ALERT,ALGO,ALLOC,AVGCOST,BASKET,BENCHPX,CASHQTY,COND,CONDORDER,DARKONLY,DARKPOLL,DAY,DEACT,DEACTDIS,DEACTEOD,DIS,GAT,GTC,GTD,GTT,HID,IBKRATS,ICE,IMB,IOC,LIT,LMT,LOC,MIDPX,MIT,MKT,MOC,MTL,NGCOMB,NODARK,NONALGO,OCA,OPG,OPGREROUT,PEGBENCH,POSTONLY,PREOPGRTH,PRICECHK,REL,RPI,RTH,SCALE,SCALEODD,SCALERST,SIZECHK,SMARTSTG,SNAPMID,SNAPMKT,SNAPREL,STP,STPLMT,SWEEP,TRAIL,TRAILLIT,TRAILLMT,TRAILMIT,WHATIF,SMART,AMEX,NYSE,CBOE,PHLX,ISE,CHX,ARCA,ISLAND,DRCTEDGE,BEX,BATS,EDGEA,CSFBALGO,JEFFALGO,BYX,IEX,EDGX,FOXRIVER,PEARL,TPLUS1,NYSENAT,LTSE,MEMX,PSX,1,0,MICRON TECHNOLOGY INC,NASDAQ,,Technology,Semiconductors,Electronic Compo-Semicon,US/Eastern,20210303:0400-20210303:2000;20210304:0400-20210304:2000;20210305:0400-20210305:2000;20210306:CLOSED;20210307:CLOSED;20210308:0400-20210308:2000,20210303:0930-20210303:1600;20210304:0930-20210304:1600;20210305:0930-20210305:1600;20210306:CLOSED;20210307:CLOSED;20210308:0930-20210308:1600,,,1,ISIN,US5951121038,1,,,26,26,26,26,26,26,26,26,26,26,26,26,26,26,26,26,26,26,26,26,26,26,26,26,26,,COMMON

=== 03/03/2021 08:13:22 AM client ===

<<< 52,1,560

=== 03/03/2021 08:13:22 AM client ===

<<< 10,8,561,CSCO,STK,,0,,SMART,USD,CSCO,NMS,NMS,268084,0.01,100,,ACTIVETIM,AD,ADJUST,ALERT,ALGO,ALLOC,AVGCOST,BASKET,BENCHPX,CASHQTY,COND,CONDORDER,DARKONLY,DARKPOLL,DAY,DEACT,DEACTDIS,DEACTEOD,DIS,GAT,GTC,GTD,GTT,HID,IBKRATS,ICE,IMB,IOC,LIT,LMT,LOC,MIDPX,MIT,MKT,MOC,MTL,NGCOMB,NODARK,NONALGO,OCA,OPG,OPGREROUT,PEGBENCH,POSTONLY,PREOPGRTH,PRICECHK,REL,RPI,RTH,SCALE,SCALEODD,SCALERST,SIZECHK,SMARTSTG,SNAPMID,SNAPMKT,SNAPREL,STP,STPLMT,SWEEP,TRAIL,TRAILLIT,TRAILLMT,TRAILMIT,WHATIF,SMART,AMEX,NYSE,CBOE,PHLX,ISE,CHX,ARCA,ISLAND,DRCTEDGE,BEX,BATS,EDGEA,CSFBALGO,JEFFALGO,BYX,IEX,EDGX,FOXRIVER,PEARL,TPLUS1,NYSENAT,LTSE,MEMX,PSX,1,0,CISCO SYSTEMS INC,NASDAQ,,Communications,Telecommunications,Networking Products,US/Eastern,20210303:0400-20210303:2000;20210304:0400-20210304:2000;20210305:0400-20210305:2000;20210306:CLOSED;20210307:CLOSED;20210308:0400-20210308:2000,20210303:0930-20210303:1600;20210304:0930-20210304:1600;20210305:0930-20210305:1600;20210306:CLOSED;20210307:CLOSED;20210308:0930-20210308:1600,,,1,ISIN,US17275R1023,1,,,26,26,26,26,26,26,26,26,26,26,26,26,26,26,26,26,26,26,26,26,26,26,26,26,26,,COMMON

=== 03/03/2021 08:13:22 AM client ===

<<< 52,1,561

=== 03/03/2021 08:13:22 AM client ===

<<< 10,8,562,AAPL,STK,,0,,SMART,USD,AAPL,NMS,NMS,265598,0.01,100,,ACTIVETIM,AD,ADJUST,ALERT,ALGO,ALLOC,AVGCOST,BASKET,BENCHPX,CASHQTY,COND,CONDORDER,DARKONLY,DARKPOLL,DAY,DEACT,DEACTDIS,DEACTEOD,DIS,GAT,GTC,GTD,GTT,HID,IBKRATS,ICE,IMB,IOC,LIT,LMT,LOC,MIDPX,MIT,MKT,MOC,MTL,NGCOMB,NODARK,NONALGO,OCA,OPG,OPGREROUT,PEGBENCH,POSTONLY,PREOPGRTH,PRICECHK,REL,RPI,RTH,SCALE,SCALEODD,SCALERST,SIZECHK,SMARTSTG,SNAPMID,SNAPMKT,SNAPREL,STP,STPLMT,SWEEP,TRAIL,TRAILLIT,TRAILLMT,TRAILMIT,WHATIF,SMART,AMEX,NYSE,CBOE,PHLX,ISE,CHX,ARCA,ISLAND,DRCTEDGE,BEX,BATS,EDGEA,CSFBALGO,JEFFALGO,BYX,IEX,EDGX,FOXRIVER,PEARL,TPLUS1,NYSENAT,LTSE,MEMX,PSX,1,0,APPLE INC,NASDAQ,,Technology,Computers,Computers,US/Eastern,20210303:0400-20210303:2000;20210304:0400-20210304:2000;20210305:0400-20210305:2000;20210306:CLOSED;20210307:CLOSED;20210308:0400-20210308:2000,20210303:0930-20210303:1600;20210304:0930-20210304:1600;20210305:0930-20210305:1600;20210306:CLOSED;20210307:CLOSED;20210308:0930-20210308:1600,,,1,ISIN,US0378331005,1,,,26,26,26,26,26,26,26,26,26,26,26,26,26,26,26,26,26,26,26,26,26,26,26,26,26,,COMMON

=== 03/03/2021 08:13:22 AM client ===

<<< 52,1,562

=== 03/03/2021 08:13:22 AM client ===

<<< 10,8,563,IBM,STK,,0,,SMART,USD,IBM,IBM,IBM,8314,0.01,100,,ACTIVETIM,AD,ADJUST,ALERT,ALGO,ALLOC,AVGCOST,BASKET,BENCHPX,CASHQTY,COND,CONDORDER,DARKONLY,DARKPOLL,DAY,DEACT,DEACTDIS,DEACTEOD,DIS,GAT,GTC,GTD,GTT,HID,IBKRATS,ICE,IMB,IOC,LIT,LMT,LOC,MIDPX,MIT,MKT,MOC,MTL,NGCOMB,NODARK,NONALGO,OCA,OPG,OPGREROUT,PEGBENCH,POSTONLY,PREOPGRTH,PRICECHK,REL,RPI,RTH,RTHIGNOPG,SCALE,SCALEODD,SCALERST,SIZECHK,SMARTSTG,SNAPMID,SNAPMKT,SNAPREL,STP,STPLMT,SWEEP,TRAIL,TRAILLIT,TRAILLMT,TRAILMIT,WHATIF,SMART,AMEX,NYSE,CBOE,PHLX,ISE,CHX,ARCA,ISLAND,DRCTEDGE,BEX,BATS,EDGEA,CSFBALGO,JEFFALGO,BYX,IEX,EDGX,FOXRIVER,PEARL,TPLUS1,NYSENAT,LTSE,MEMX,PSX,1,0,INTL BUSINESS MACHINES CORP,NYSE,,Technology,Computers,Computer Services,US/Eastern,20210303:0400-20210303:2000;20210304:0400-20210304:2000;20210305:0400-20210305:2000;20210306:CLOSED;20210307:CLOSED;20210308:0400-20210308:2000,20210303:0930-20210303:1600;20210304:0930-20210304:1600;20210305:0930-20210305:1600;20210306:CLOSED;20210307:CLOSED;20210308:0930-20210308:1600,,,1,ISIN,US4592001014,1,,,26,26,26,26,26,26,26,26,26,26,26,26,26,26,26,26,26,26,26,26,26,26,26,26,26,,COMMON

=== 03/03/2021 08:13:22 AM client ===

<<< 52,1,563

=== 03/03/2021 08:13:22 AM client ===

>>> 20,564,9939,MU,STK,,0.0,,,SMART,NASDAQ,USD,MU,NMS,0,,5 mins,1 W,0,TRADES,1,0,

=== 03/03/2021 08:13:23 AM client ===

<<< 4,2,564,162,Historical Market Data Service error message:Trading TWS session is connected from a different IP address

=== 03/03/2021 08:13:23 AM wrapper ===

Error 162, reqId 564: Historical Market Data Service error message:Trading TWS session is connected from a different IP address, contract: Stock(conId=9939, symbol='MU', exchange='SMART', primaryExchange='NASDAQ', currency='USD', localSymbol='MU', tradingClass='NMS')

=== 03/03/2021 08:13:23 AM client ===

>>> 20,565,268084,CSCO,STK,,0.0,,,SMART,NASDAQ,USD,CSCO,NMS,0,,15 mins,1 W,0,TRADES,1,0,

=== 03/03/2021 08:13:23 AM client ===

<<< 4,2,565,162,Historical Market Data Service error message:Trading TWS session is connected from a different IP address

=== 03/03/2021 08:13:23 AM wrapper ===

Error 162, reqId 565: Historical Market Data Service error message:Trading TWS session is connected from a different IP address, contract: Stock(conId=268084, symbol='CSCO', exchange='SMART', primaryExchange='NASDAQ', currency='USD', localSymbol='CSCO', tradingClass='NMS')

=== 03/03/2021 08:13:23 AM client ===

>>> 20,566,265598,AAPL,STK,,0.0,,,SMART,NASDAQ,USD,AAPL,NMS,0,,15 mins,1 W,0,TRADES,1,0,

=== 03/03/2021 08:13:25 AM client ===

<<< 4,2,566,162,Historical Market Data Service error message:Trading TWS session is connected from a different IP address

=== 03/03/2021 08:13:25 AM wrapper ===

Error 162, reqId 566: Historical Market Data Service error message:Trading TWS session is connected from a different IP address, contract: Stock(conId=265598, symbol='AAPL', exchange='SMART', primaryExchange='NASDAQ', currency='USD', localSymbol='AAPL', tradingClass='NMS')

=== 03/03/2021 08:13:25 AM client ===

>>> 20,567,8314,IBM,STK,,0.0,,,SMART,NYSE,USD,IBM,IBM,0,,15 mins,1 W,0,TRADES,1,0,

=== 03/03/2021 08:13:26 AM client ===

<<< 4,2,567,162,Historical Market Data Service error message:Trading TWS session is connected from a different IP address

=== 03/03/2021 08:13:26 AM wrapper ===

Error 162, reqId 567: Historical Market Data Service error message:Trading TWS session is connected from a different IP address, contract: Stock(conId=8314, symbol='IBM', exchange='SMART', primaryExchange='NYSE', currency='USD', localSymbol='IBM', tradingClass='IBM')

=== 03/03/2021 08:13:27 AM client ===

>>> 9,8,568,0,MU,STK,,0.0,,,SMART,,USD,,,0,,

=== 03/03/2021 08:13:27 AM client ===

>>> 9,8,569,0,CSCO,STK,,0.0,,,SMART,,USD,,,0,,

=== 03/03/2021 08:13:27 AM client ===

>>> 9,8,570,0,AAPL,STK,,0.0,,,SMART,,USD,,,0,,

=== 03/03/2021 08:13:27 AM client ===

>>> 9,8,571,0,IBM,STK,,0.0,,,SMART,,USD,,,0,,

=== 03/03/2021 08:13:27 AM client ===

<<< 10,8,568,MU,STK,,0,,SMART,USD,MU,NMS,NMS,9939,0.01,100,,ACTIVETIM,AD,ADJUST,ALERT,ALGO,ALLOC,AVGCOST,BASKET,BENCHPX,CASHQTY,COND,CONDORDER,DARKONLY,DARKPOLL,DAY,DEACT,DEACTDIS,DEACTEOD,DIS,GAT,GTC,GTD,GTT,HID,IBKRATS,ICE,IMB,IOC,LIT,LMT,LOC,MIDPX,MIT,MKT,MOC,MTL,NGCOMB,NODARK,NONALGO,OCA,OPG,OPGREROUT,PEGBENCH,POSTONLY,PREOPGRTH,PRICECHK,REL,RPI,RTH,SCALE,SCALEODD,SCALERST,SIZECHK,SMARTSTG,SNAPMID,SNAPMKT,SNAPREL,STP,STPLMT,SWEEP,TRAIL,TRAILLIT,TRAILLMT,TRAILMIT,WHATIF,SMART,AMEX,NYSE,CBOE,PHLX,ISE,CHX,ARCA,ISLAND,DRCTEDGE,BEX,BATS,EDGEA,CSFBALGO,JEFFALGO,BYX,IEX,EDGX,FOXRIVER,PEARL,TPLUS1,NYSENAT,LTSE,MEMX,PSX,1,0,MICRON TECHNOLOGY INC,NASDAQ,,Technology,Semiconductors,Electronic Compo-Semicon,US/Eastern,20210303:0400-20210303:2000;20210304:0400-20210304:2000;20210305:0400-20210305:2000;20210306:CLOSED;20210307:CLOSED;20210308:0400-20210308:2000,20210303:0930-20210303:1600;20210304:0930-20210304:1600;20210305:0930-20210305:1600;20210306:CLOSED;20210307:CLOSED;20210308:0930-20210308:1600,,,1,ISIN,US5951121038,1,,,26,26,26,26,26,26,26,26,26,26,26,26,26,26,26,26,26,26,26,26,26,26,26,26,26,,COMMON

=== 03/03/2021 08:13:27 AM client ===

<<< 52,1,568

=== 03/03/2021 08:13:27 AM client ===

<<< 10,8,569,CSCO,STK,,0,,SMART,USD,CSCO,NMS,NMS,268084,0.01,100,,ACTIVETIM,AD,ADJUST,ALERT,ALGO,ALLOC,AVGCOST,BASKET,BENCHPX,CASHQTY,COND,CONDORDER,DARKONLY,DARKPOLL,DAY,DEACT,DEACTDIS,DEACTEOD,DIS,GAT,GTC,GTD,GTT,HID,IBKRATS,ICE,IMB,IOC,LIT,LMT,LOC,MIDPX,MIT,MKT,MOC,MTL,NGCOMB,NODARK,NONALGO,OCA,OPG,OPGREROUT,PEGBENCH,POSTONLY,PREOPGRTH,PRICECHK,REL,RPI,RTH,SCALE,SCALEODD,SCALERST,SIZECHK,SMARTSTG,SNAPMID,SNAPMKT,SNAPREL,STP,STPLMT,SWEEP,TRAIL,TRAILLIT,TRAILLMT,TRAILMIT,WHATIF,SMART,AMEX,NYSE,CBOE,PHLX,ISE,CHX,ARCA,ISLAND,DRCTEDGE,BEX,BATS,EDGEA,CSFBALGO,JEFFALGO,BYX,IEX,EDGX,FOXRIVER,PEARL,TPLUS1,NYSENAT,LTSE,MEMX,PSX,1,0,CISCO SYSTEMS INC,NASDAQ,,Communications,Telecommunications,Networking Products,US/Eastern,20210303:0400-20210303:2000;20210304:0400-20210304:2000;20210305:0400-20210305:2000;20210306:CLOSED;20210307:CLOSED;20210308:0400-20210308:2000,20210303:0930-20210303:1600;20210304:0930-20210304:1600;20210305:0930-20210305:1600;20210306:CLOSED;20210307:CLOSED;20210308:0930-20210308:1600,,,1,ISIN,US17275R1023,1,,,26,26,26,26,26,26,26,26,26,26,26,26,26,26,26,26,26,26,26,26,26,26,26,26,26,,COMMON

=== 03/03/2021 08:13:27 AM client ===

<<< 52,1,569

=== 03/03/2021 08:13:27 AM client ===

<<< 10,8,570,AAPL,STK,,0,,SMART,USD,AAPL,NMS,NMS,265598,0.01,100,,ACTIVETIM,AD,ADJUST,ALERT,ALGO,ALLOC,AVGCOST,BASKET,BENCHPX,CASHQTY,COND,CONDORDER,DARKONLY,DARKPOLL,DAY,DEACT,DEACTDIS,DEACTEOD,DIS,GAT,GTC,GTD,GTT,HID,IBKRATS,ICE,IMB,IOC,LIT,LMT,LOC,MIDPX,MIT,MKT,MOC,MTL,NGCOMB,NODARK,NONALGO,OCA,OPG,OPGREROUT,PEGBENCH,POSTONLY,PREOPGRTH,PRICECHK,REL,RPI,RTH,SCALE,SCALEODD,SCALERST,SIZECHK,SMARTSTG,SNAPMID,SNAPMKT,SNAPREL,STP,STPLMT,SWEEP,TRAIL,TRAILLIT,TRAILLMT,TRAILMIT,WHATIF,SMART,AMEX,NYSE,CBOE,PHLX,ISE,CHX,ARCA,ISLAND,DRCTEDGE,BEX,BATS,EDGEA,CSFBALGO,JEFFALGO,BYX,IEX,EDGX,FOXRIVER,PEARL,TPLUS1,NYSENAT,LTSE,MEMX,PSX,1,0,APPLE INC,NASDAQ,,Technology,Computers,Computers,US/Eastern,20210303:0400-20210303:2000;20210304:0400-20210304:2000;20210305:0400-20210305:2000;20210306:CLOSED;20210307:CLOSED;20210308:0400-20210308:2000,20210303:0930-20210303:1600;20210304:0930-20210304:1600;20210305:0930-20210305:1600;20210306:CLOSED;20210307:CLOSED;20210308:0930-20210308:1600,,,1,ISIN,US0378331005,1,,,26,26,26,26,26,26,26,26,26,26,26,26,26,26,26,26,26,26,26,26,26,26,26,26,26,,COMMON

=== 03/03/2021 08:13:27 AM client ===

<<< 52,1,570

=== 03/03/2021 08:13:27 AM client ===

<<< 10,8,571,IBM,STK,,0,,SMART,USD,IBM,IBM,IBM,8314,0.01,100,,ACTIVETIM,AD,ADJUST,ALERT,ALGO,ALLOC,AVGCOST,BASKET,BENCHPX,CASHQTY,COND,CONDORDER,DARKONLY,DARKPOLL,DAY,DEACT,DEACTDIS,DEACTEOD,DIS,GAT,GTC,GTD,GTT,HID,IBKRATS,ICE,IMB,IOC,LIT,LMT,LOC,MIDPX,MIT,MKT,MOC,MTL,NGCOMB,NODARK,NONALGO,OCA,OPG,OPGREROUT,PEGBENCH,POSTONLY,PREOPGRTH,PRICECHK,REL,RPI,RTH,RTHIGNOPG,SCALE,SCALEODD,SCALERST,SIZECHK,SMARTSTG,SNAPMID,SNAPMKT,SNAPREL,STP,STPLMT,SWEEP,TRAIL,TRAILLIT,TRAILLMT,TRAILMIT,WHATIF,SMART,AMEX,NYSE,CBOE,PHLX,ISE,CHX,ARCA,ISLAND,DRCTEDGE,BEX,BATS,EDGEA,CSFBALGO,JEFFALGO,BYX,IEX,EDGX,FOXRIVER,PEARL,TPLUS1,NYSENAT,LTSE,MEMX,PSX,1,0,INTL BUSINESS MACHINES CORP,NYSE,,Technology,Computers,Computer Services,US/Eastern,20210303:0400-20210303:2000;20210304:0400-20210304:2000;20210305:0400-20210305:2000;20210306:CLOSED;20210307:CLOSED;20210308:0400-20210308:2000,20210303:0930-20210303:1600;20210304:0930-20210304:1600;20210305:0930-20210305:1600;20210306:CLOSED;20210307:CLOSED;20210308:0930-20210308:1600,,,1,ISIN,US4592001014,1,,,26,26,26,26,26,26,26,26,26,26,26,26,26,26,26,26,26,26,26,26,26,26,26,26,26,,COMMON

=== 03/03/2021 08:13:27 AM client ===

<<< 52,1,571

=== 03/03/2021 08:13:27 AM client ===

>>> 20,572,9939,MU,STK,,0.0,,,SMART,NASDAQ,USD,MU,NMS,0,,5 mins,1 W,0,TRADES,1,0,

=== 03/03/2021 08:13:28 AM client ===

<<< 4,2,572,162,Historical Market Data Service error message:Trading TWS session is connected from a different IP address

=== 03/03/2021 08:13:28 AM wrapper ===

Error 162, reqId 572: Historical Market Data Service error message:Trading TWS session is connected from a different IP address, contract: Stock(conId=9939, symbol='MU', exchange='SMART', primaryExchange='NASDAQ', currency='USD', localSymbol='MU', tradingClass='NMS')

=== 03/03/2021 08:13:28 AM client ===

>>> 20,573,268084,CSCO,STK,,0.0,,,SMART,NASDAQ,USD,CSCO,NMS,0,,15 mins,1 W,0,TRADES,1,0,

=== 03/03/2021 08:13:28 AM client ===

<<< 4,2,573,162,Historical Market Data Service error message:Trading TWS session is connected from a different IP address

=== 03/03/2021 08:13:28 AM wrapper ===

Error 162, reqId 573: Historical Market Data Service error message:Trading TWS session is connected from a different IP address, contract: Stock(conId=268084, symbol='CSCO', exchange='SMART', primaryExchange='NASDAQ', currency='USD', localSymbol='CSCO', tradingClass='NMS')

=== 03/03/2021 08:13:28 AM client ===

>>> 20,574,265598,AAPL,STK,,0.0,,,SMART,NASDAQ,USD,AAPL,NMS,0,,15 mins,1 W,0,TRADES,1,0,

=== 03/03/2021 08:13:29 AM client ===

<<< 4,2,574,162,Historical Market Data Service error message:Trading TWS session is connected from a different IP address

=== 03/03/2021 08:13:29 AM wrapper ===

Error 162, reqId 574: Historical Market Data Service error message:Trading TWS session is connected from a different IP address, contract: Stock(conId=265598, symbol='AAPL', exchange='SMART', primaryExchange='NASDAQ', currency='USD', localSymbol='AAPL', tradingClass='NMS')

=== 03/03/2021 08:13:29 AM client ===

>>> 20,575,8314,IBM,STK,,0.0,,,SMART,NYSE,USD,IBM,IBM,0,,15 mins,1 W,0,TRADES,1,0,

=== 03/03/2021 08:13:29 AM client ===

<<< 4,2,575,162,Historical Market Data Service error message:Trading TWS session is connected from a different IP address

=== 03/03/2021 08:13:29 AM wrapper ===

Error 162, reqId 575: Historical Market Data Service error message:Trading TWS session is connected from a different IP address, contract: Stock(conId=8314, symbol='IBM', exchange='SMART', primaryExchange='NYSE', currency='USD', localSymbol='IBM', tradingClass='IBM')

=== 03/03/2021 08:13:30 AM client ===

>>> 9,8,576,0,MU,STK,,0.0,,,SMART,,USD,,,0,,

=== 03/03/2021 08:13:30 AM client ===

>>> 9,8,577,0,CSCO,STK,,0.0,,,SMART,,USD,,,0,,

=== 03/03/2021 08:13:30 AM client ===

>>> 9,8,578,0,AAPL,STK,,0.0,,,SMART,,USD,,,0,,

=== 03/03/2021 08:13:30 AM client ===

>>> 9,8,579,0,IBM,STK,,0.0,,,SMART,,USD,,,0,,

=== 03/03/2021 08:13:31 AM client ===

<<< 10,8,576,MU,STK,,0,,SMART,USD,MU,NMS,NMS,9939,0.01,100,,ACTIVETIM,AD,ADJUST,ALERT,ALGO,ALLOC,AVGCOST,BASKET,BENCHPX,CASHQTY,COND,CONDORDER,DARKONLY,DARKPOLL,DAY,DEACT,DEACTDIS,DEACTEOD,DIS,GAT,GTC,GTD,GTT,HID,IBKRATS,ICE,IMB,IOC,LIT,LMT,LOC,MIDPX,MIT,MKT,MOC,MTL,NGCOMB,NODARK,NONALGO,OCA,OPG,OPGREROUT,PEGBENCH,POSTONLY,PREOPGRTH,PRICECHK,REL,RPI,RTH,SCALE,SCALEODD,SCALERST,SIZECHK,SMARTSTG,SNAPMID,SNAPMKT,SNAPREL,STP,STPLMT,SWEEP,TRAIL,TRAILLIT,TRAILLMT,TRAILMIT,WHATIF,SMART,AMEX,NYSE,CBOE,PHLX,ISE,CHX,ARCA,ISLAND,DRCTEDGE,BEX,BATS,EDGEA,CSFBALGO,JEFFALGO,BYX,IEX,EDGX,FOXRIVER,PEARL,TPLUS1,NYSENAT,LTSE,MEMX,PSX,1,0,MICRON TECHNOLOGY INC,NASDAQ,,Technology,Semiconductors,Electronic Compo-Semicon,US/Eastern,20210303:0400-20210303:2000;20210304:0400-20210304:2000;20210305:0400-20210305:2000;20210306:CLOSED;20210307:CLOSED;20210308:0400-20210308:2000,20210303:0930-20210303:1600;20210304:0930-20210304:1600;20210305:0930-20210305:1600;20210306:CLOSED;20210307:CLOSED;20210308:0930-20210308:1600,,,1,ISIN,US5951121038,1,,,26,26,26,26,26,26,26,26,26,26,26,26,26,26,26,26,26,26,26,26,26,26,26,26,26,,COMMON

=== 03/03/2021 08:13:31 AM client ===

<<< 52,1,576

=== 03/03/2021 08:13:31 AM client ===

<<< 10,8,577,CSCO,STK,,0,,SMART,USD,CSCO,NMS,NMS,268084,0.01,100,,ACTIVETIM,AD,ADJUST,ALERT,ALGO,ALLOC,AVGCOST,BASKET,BENCHPX,CASHQTY,COND,CONDORDER,DARKONLY,DARKPOLL,DAY,DEACT,DEACTDIS,DEACTEOD,DIS,GAT,GTC,GTD,GTT,HID,IBKRATS,ICE,IMB,IOC,LIT,LMT,LOC,MIDPX,MIT,MKT,MOC,MTL,NGCOMB,NODARK,NONALGO,OCA,OPG,OPGREROUT,PEGBENCH,POSTONLY,PREOPGRTH,PRICECHK,REL,RPI,RTH,SCALE,SCALEODD,SCALERST,SIZECHK,SMARTSTG,SNAPMID,SNAPMKT,SNAPREL,STP,STPLMT,SWEEP,TRAIL,TRAILLIT,TRAILLMT,TRAILMIT,WHATIF,SMART,AMEX,NYSE,CBOE,PHLX,ISE,CHX,ARCA,ISLAND,DRCTEDGE,BEX,BATS,EDGEA,CSFBALGO,JEFFALGO,BYX,IEX,EDGX,FOXRIVER,PEARL,TPLUS1,NYSENAT,LTSE,MEMX,PSX,1,0,CISCO SYSTEMS INC,NASDAQ,,Communications,Telecommunications,Networking Products,US/Eastern,20210303:0400-20210303:2000;20210304:0400-20210304:2000;20210305:0400-20210305:2000;20210306:CLOSED;20210307:CLOSED;20210308:0400-20210308:2000,20210303:0930-20210303:1600;20210304:0930-20210304:1600;20210305:0930-20210305:1600;20210306:CLOSED;20210307:CLOSED;20210308:0930-20210308:1600,,,1,ISIN,US17275R1023,1,,,26,26,26,26,26,26,26,26,26,26,26,26,26,26,26,26,26,26,26,26,26,26,26,26,26,,COMMON

=== 03/03/2021 08:13:31 AM client ===

<<< 52,1,577

=== 03/03/2021 08:13:31 AM client ===

<<< 10,8,578,AAPL,STK,,0,,SMART,USD,AAPL,NMS,NMS,265598,0.01,100,,ACTIVETIM,AD,ADJUST,ALERT,ALGO,ALLOC,AVGCOST,BASKET,BENCHPX,CASHQTY,COND,CONDORDER,DARKONLY,DARKPOLL,DAY,DEACT,DEACTDIS,DEACTEOD,DIS,GAT,GTC,GTD,GTT,HID,IBKRATS,ICE,IMB,IOC,LIT,LMT,LOC,MIDPX,MIT,MKT,MOC,MTL,NGCOMB,NODARK,NONALGO,OCA,OPG,OPGREROUT,PEGBENCH,POSTONLY,PREOPGRTH,PRICECHK,REL,RPI,RTH,SCALE,SCALEODD,SCALERST,SIZECHK,SMARTSTG,SNAPMID,SNAPMKT,SNAPREL,STP,STPLMT,SWEEP,TRAIL,TRAILLIT,TRAILLMT,TRAILMIT,WHATIF,SMART,AMEX,NYSE,CBOE,PHLX,ISE,CHX,ARCA,ISLAND,DRCTEDGE,BEX,BATS,EDGEA,CSFBALGO,JEFFALGO,BYX,IEX,EDGX,FOXRIVER,PEARL,TPLUS1,NYSENAT,LTSE,MEMX,PSX,1,0,APPLE INC,NASDAQ,,Technology,Computers,Computers,US/Eastern,20210303:0400-20210303:2000;20210304:0400-20210304:2000;20210305:0400-20210305:2000;20210306:CLOSED;20210307:CLOSED;20210308:0400-20210308:2000,20210303:0930-20210303:1600;20210304:0930-20210304:1600;20210305:0930-20210305:1600;20210306:CLOSED;20210307:CLOSED;20210308:0930-20210308:1600,,,1,ISIN,US0378331005,1,,,26,26,26,26,26,26,26,26,26,26,26,26,26,26,26,26,26,26,26,26,26,26,26,26,26,,COMMON

=== 03/03/2021 08:13:31 AM client ===

<<< 52,1,578

=== 03/03/2021 08:13:31 AM client ===

<<< 10,8,579,IBM,STK,,0,,SMART,USD,IBM,IBM,IBM,8314,0.01,100,,ACTIVETIM,AD,ADJUST,ALERT,ALGO,ALLOC,AVGCOST,BASKET,BENCHPX,CASHQTY,COND,CONDORDER,DARKONLY,DARKPOLL,DAY,DEACT,DEACTDIS,DEACTEOD,DIS,GAT,GTC,GTD,GTT,HID,IBKRATS,ICE,IMB,IOC,LIT,LMT,LOC,MIDPX,MIT,MKT,MOC,MTL,NGCOMB,NODARK,NONALGO,OCA,OPG,OPGREROUT,PEGBENCH,POSTONLY,PREOPGRTH,PRICECHK,REL,RPI,RTH,RTHIGNOPG,SCALE,SCALEODD,SCALERST,SIZECHK,SMARTSTG,SNAPMID,SNAPMKT,SNAPREL,STP,STPLMT,SWEEP,TRAIL,TRAILLIT,TRAILLMT,TRAILMIT,WHATIF,SMART,AMEX,NYSE,CBOE,PHLX,ISE,CHX,ARCA,ISLAND,DRCTEDGE,BEX,BATS,EDGEA,CSFBALGO,JEFFALGO,BYX,IEX,EDGX,FOXRIVER,PEARL,TPLUS1,NYSENAT,LTSE,MEMX,PSX,1,0,INTL BUSINESS MACHINES CORP,NYSE,,Technology,Computers,Computer Services,US/Eastern,20210303:0400-20210303:2000;20210304:0400-20210304:2000;20210305:0400-20210305:2000;20210306:CLOSED;20210307:CLOSED;20210308:0400-20210308:2000,20210303:0930-20210303:1600;20210304:0930-20210304:1600;20210305:0930-20210305:1600;20210306:CLOSED;20210307:CLOSED;20210308:0930-20210308:1600,,,1,ISIN,US4592001014,1,,,26,26,26,26,26,26,26,26,26,26,26,26,26,26,26,26,26,26,26,26,26,26,26,26,26,,COMMON

=== 03/03/2021 08:13:31 AM client ===

<<< 52,1,579

=== 03/03/2021 08:13:31 AM client ===

>>> 20,580,9939,MU,STK,,0.0,,,SMART,NASDAQ,USD,MU,NMS,0,,5 mins,1 W,0,TRADES,1,0,

=== 03/03/2021 08:13:32 AM client ===

<<< 4,2,580,162,Historical Market Data Service error message:Trading TWS session is connected from a different IP address

=== 03/03/2021 08:13:32 AM wrapper ===

Error 162, reqId 580: Historical Market Data Service error message:Trading TWS session is connected from a different IP address, contract: Stock(conId=9939, symbol='MU', exchange='SMART', primaryExchange='NASDAQ', currency='USD', localSymbol='MU', tradingClass='NMS')

=== 03/03/2021 08:13:32 AM client ===

>>> 20,581,268084,CSCO,STK,,0.0,,,SMART,NASDAQ,USD,CSCO,NMS,0,,15 mins,1 W,0,TRADES,1,0,

=== 03/03/2021 08:13:33 AM client ===

<<< 4,2,581,162,Historical Market Data Service error message:Trading TWS session is connected from a different IP address

=== 03/03/2021 08:13:33 AM wrapper ===

Error 162, reqId 581: Historical Market Data Service error message:Trading TWS session is connected from a different IP address, contract: Stock(conId=268084, symbol='CSCO', exchange='SMART', primaryExchange='NASDAQ', currency='USD', localSymbol='CSCO', tradingClass='NMS')

=== 03/03/2021 08:13:33 AM client ===

>>> 20,582,265598,AAPL,STK,,0.0,,,SMART,NASDAQ,USD,AAPL,NMS,0,,15 mins,1 W,0,TRADES,1,0,

=== 03/03/2021 08:13:33 AM client ===

<<< 4,2,582,162,Historical Market Data Service error message:Trading TWS session is connected from a different IP address

=== 03/03/2021 08:13:33 AM wrapper ===

Error 162, reqId 582: Historical Market Data Service error message:Trading TWS session is connected from a different IP address, contract: Stock(conId=265598, symbol='AAPL', exchange='SMART', primaryExchange='NASDAQ', currency='USD', localSymbol='AAPL', tradingClass='NMS')

=== 03/03/2021 08:13:33 AM client ===

>>> 20,583,8314,IBM,STK,,0.0,,,SMART,NYSE,USD,IBM,IBM,0,,15 mins,1 W,0,TRADES,1,0,

=== 03/03/2021 08:13:34 AM client ===

<<< 4,2,583,162,Historical Market Data Service error message:Trading TWS session is connected from a different IP address

=== 03/03/2021 08:13:34 AM wrapper ===

Error 162, reqId 583: Historical Market Data Service error message:Trading TWS session is connected from a different IP address, contract: Stock(conId=8314, symbol='IBM', exchange='SMART', primaryExchange='NYSE', currency='USD', localSymbol='IBM', tradingClass='IBM')

=== 03/03/2021 08:13:35 AM client ===

>>> 9,8,584,0,MU,STK,,0.0,,,SMART,,USD,,,0,,

=== 03/03/2021 08:13:35 AM client ===

>>> 9,8,585,0,CSCO,STK,,0.0,,,SMART,,USD,,,0,,

=== 03/03/2021 08:13:35 AM client ===

>>> 9,8,586,0,AAPL,STK,,0.0,,,SMART,,USD,,,0,,

=== 03/03/2021 08:13:35 AM client ===

>>> 9,8,587,0,IBM,STK,,0.0,,,SMART,,USD,,,0,,

=== 03/03/2021 08:13:35 AM client ===

<<< 10,8,584,MU,STK,,0,,SMART,USD,MU,NMS,NMS,9939,0.01,100,,ACTIVETIM,AD,ADJUST,ALERT,ALGO,ALLOC,AVGCOST,BASKET,BENCHPX,CASHQTY,COND,CONDORDER,DARKONLY,DARKPOLL,DAY,DEACT,DEACTDIS,DEACTEOD,DIS,GAT,GTC,GTD,GTT,HID,IBKRATS,ICE,IMB,IOC,LIT,LMT,LOC,MIDPX,MIT,MKT,MOC,MTL,NGCOMB,NODARK,NONALGO,OCA,OPG,OPGREROUT,PEGBENCH,POSTONLY,PREOPGRTH,PRICECHK,REL,RPI,RTH,SCALE,SCALEODD,SCALERST,SIZECHK,SMARTSTG,SNAPMID,SNAPMKT,SNAPREL,STP,STPLMT,SWEEP,TRAIL,TRAILLIT,TRAILLMT,TRAILMIT,WHATIF,SMART,AMEX,NYSE,CBOE,PHLX,ISE,CHX,ARCA,ISLAND,DRCTEDGE,BEX,BATS,EDGEA,CSFBALGO,JEFFALGO,BYX,IEX,EDGX,FOXRIVER,PEARL,TPLUS1,NYSENAT,LTSE,MEMX,PSX,1,0,MICRON TECHNOLOGY INC,NASDAQ,,Technology,Semiconductors,Electronic Compo-Semicon,US/Eastern,20210303:0400-20210303:2000;20210304:0400-20210304:2000;20210305:0400-20210305:2000;20210306:CLOSED;20210307:CLOSED;20210308:0400-20210308:2000,20210303:0930-20210303:1600;20210304:0930-20210304:1600;20210305:0930-20210305:1600;20210306:CLOSED;20210307:CLOSED;20210308:0930-20210308:1600,,,1,ISIN,US5951121038,1,,,26,26,26,26,26,26,26,26,26,26,26,26,26,26,26,26,26,26,26,26,26,26,26,26,26,,COMMON

=== 03/03/2021 08:13:35 AM client ===

<<< 52,1,584

=== 03/03/2021 08:13:35 AM client ===

<<< 10,8,585,CSCO,STK,,0,,SMART,USD,CSCO,NMS,NMS,268084,0.01,100,,ACTIVETIM,AD,ADJUST,ALERT,ALGO,ALLOC,AVGCOST,BASKET,BENCHPX,CASHQTY,COND,CONDORDER,DARKONLY,DARKPOLL,DAY,DEACT,DEACTDIS,DEACTEOD,DIS,GAT,GTC,GTD,GTT,HID,IBKRATS,ICE,IMB,IOC,LIT,LMT,LOC,MIDPX,MIT,MKT,MOC,MTL,NGCOMB,NODARK,NONALGO,OCA,OPG,OPGREROUT,PEGBENCH,POSTONLY,PREOPGRTH,PRICECHK,REL,RPI,RTH,SCALE,SCALEODD,SCALERST,SIZECHK,SMARTSTG,SNAPMID,SNAPMKT,SNAPREL,STP,STPLMT,SWEEP,TRAIL,TRAILLIT,TRAILLMT,TRAILMIT,WHATIF,SMART,AMEX,NYSE,CBOE,PHLX,ISE,CHX,ARCA,ISLAND,DRCTEDGE,BEX,BATS,EDGEA,CSFBALGO,JEFFALGO,BYX,IEX,EDGX,FOXRIVER,PEARL,TPLUS1,NYSENAT,LTSE,MEMX,PSX,1,0,CISCO SYSTEMS INC,NASDAQ,,Communications,Telecommunications,Networking Products,US/Eastern,20210303:0400-20210303:2000;20210304:0400-20210304:2000;20210305:0400-20210305:2000;20210306:CLOSED;20210307:CLOSED;20210308:0400-20210308:2000,20210303:0930-20210303:1600;20210304:0930-20210304:1600;20210305:0930-20210305:1600;20210306:CLOSED;20210307:CLOSED;20210308:0930-20210308:1600,,,1,ISIN,US17275R1023,1,,,26,26,26,26,26,26,26,26,26,26,26,26,26,26,26,26,26,26,26,26,26,26,26,26,26,,COMMON

=== 03/03/2021 08:13:35 AM client ===

<<< 52,1,585

=== 03/03/2021 08:13:35 AM client ===

<<< 10,8,586,AAPL,STK,,0,,SMART,USD,AAPL,NMS,NMS,265598,0.01,100,,ACTIVETIM,AD,ADJUST,ALERT,ALGO,ALLOC,AVGCOST,BASKET,BENCHPX,CASHQTY,COND,CONDORDER,DARKONLY,DARKPOLL,DAY,DEACT,DEACTDIS,DEACTEOD,DIS,GAT,GTC,GTD,GTT,HID,IBKRATS,ICE,IMB,IOC,LIT,LMT,LOC,MIDPX,MIT,MKT,MOC,MTL,NGCOMB,NODARK,NONALGO,OCA,OPG,OPGREROUT,PEGBENCH,POSTONLY,PREOPGRTH,PRICECHK,REL,RPI,RTH,SCALE,SCALEODD,SCALERST,SIZECHK,SMARTSTG,SNAPMID,SNAPMKT,SNAPREL,STP,STPLMT,SWEEP,TRAIL,TRAILLIT,TRAILLMT,TRAILMIT,WHATIF,SMART,AMEX,NYSE,CBOE,PHLX,ISE,CHX,ARCA,ISLAND,DRCTEDGE,BEX,BATS,EDGEA,CSFBALGO,JEFFALGO,BYX,IEX,EDGX,FOXRIVER,PEARL,TPLUS1,NYSENAT,LTSE,MEMX,PSX,1,0,APPLE INC,NASDAQ,,Technology,Computers,Computers,US/Eastern,20210303:0400-20210303:2000;20210304:0400-20210304:2000;20210305:0400-20210305:2000;20210306:CLOSED;20210307:CLOSED;20210308:0400-20210308:2000,20210303:0930-20210303:1600;20210304:0930-20210304:1600;20210305:0930-20210305:1600;20210306:CLOSED;20210307:CLOSED;20210308:0930-20210308:1600,,,1,ISIN,US0378331005,1,,,26,26,26,26,26,26,26,26,26,26,26,26,26,26,26,26,26,26,26,26,26,26,26,26,26,,COMMON

=== 03/03/2021 08:13:35 AM client ===

<<< 52,1,586

=== 03/03/2021 08:13:35 AM client ===

<<< 10,8,587,IBM,STK,,0,,SMART,USD,IBM,IBM,IBM,8314,0.01,100,,ACTIVETIM,AD,ADJUST,ALERT,ALGO,ALLOC,AVGCOST,BASKET,BENCHPX,CASHQTY,COND,CONDORDER,DARKONLY,DARKPOLL,DAY,DEACT,DEACTDIS,DEACTEOD,DIS,GAT,GTC,GTD,GTT,HID,IBKRATS,ICE,IMB,IOC,LIT,LMT,LOC,MIDPX,MIT,MKT,MOC,MTL,NGCOMB,NODARK,NONALGO,OCA,OPG,OPGREROUT,PEGBENCH,POSTONLY,PREOPGRTH,PRICECHK,REL,RPI,RTH,RTHIGNOPG,SCALE,SCALEODD,SCALERST,SIZECHK,SMARTSTG,SNAPMID,SNAPMKT,SNAPREL,STP,STPLMT,SWEEP,TRAIL,TRAILLIT,TRAILLMT,TRAILMIT,WHATIF,SMART,AMEX,NYSE,CBOE,PHLX,ISE,CHX,ARCA,ISLAND,DRCTEDGE,BEX,BATS,EDGEA,CSFBALGO,JEFFALGO,BYX,IEX,EDGX,FOXRIVER,PEARL,TPLUS1,NYSENAT,LTSE,MEMX,PSX,1,0,INTL BUSINESS MACHINES CORP,NYSE,,Technology,Computers,Computer Services,US/Eastern,20210303:0400-20210303:2000;20210304:0400-20210304:2000;20210305:0400-20210305:2000;20210306:CLOSED;20210307:CLOSED;20210308:0400-20210308:2000,20210303:0930-20210303:1600;20210304:0930-20210304:1600;20210305:0930-20210305:1600;20210306:CLOSED;20210307:CLOSED;20210308:0930-20210308:1600,,,1,ISIN,US4592001014,1,,,26,26,26,26,26,26,26,26,26,26,26,26,26,26,26,26,26,26,26,26,26,26,26,26,26,,COMMON

=== 03/03/2021 08:13:35 AM client ===

<<< 52,1,587

=== 03/03/2021 08:13:35 AM client ===

>>> 20,588,9939,MU,STK,,0.0,,,SMART,NASDAQ,USD,MU,NMS,0,,5 mins,1 W,0,TRADES,1,0,

=== 03/03/2021 08:13:36 AM client ===

<<< 4,2,588,162,Historical Market Data Service error message:Trading TWS session is connected from a different IP address

=== 03/03/2021 08:13:36 AM wrapper ===

Error 162, reqId 588: Historical Market Data Service error message:Trading TWS session is connected from a different IP address, contract: Stock(conId=9939, symbol='MU', exchange='SMART', primaryExchange='NASDAQ', currency='USD', localSymbol='MU', tradingClass='NMS')

=== 03/03/2021 08:13:36 AM client ===

>>> 20,589,268084,CSCO,STK,,0.0,,,SMART,NASDAQ,USD,CSCO,NMS,0,,15 mins,1 W,0,TRADES,1,0,

=== 03/03/2021 08:13:36 AM client ===

<<< 4,2,589,162,Historical Market Data Service error message:Trading TWS session is connected from a different IP address

=== 03/03/2021 08:13:36 AM wrapper ===

Error 162, reqId 589: Historical Market Data Service error message:Trading TWS session is connected from a different IP address, contract: Stock(conId=268084, symbol='CSCO', exchange='SMART', primaryExchange='NASDAQ', currency='USD', localSymbol='CSCO', tradingClass='NMS')

=== 03/03/2021 08:13:36 AM client ===

>>> 20,590,265598,AAPL,STK,,0.0,,,SMART,NASDAQ,USD,AAPL,NMS,0,,15 mins,1 W,0,TRADES,1,0,

=== 03/03/2021 08:13:37 AM client ===

<<< 4,2,590,162,Historical Market Data Service error message:Trading TWS session is connected from a different IP address

=== 03/03/2021 08:13:37 AM wrapper ===

Error 162, reqId 590: Historical Market Data Service error message:Trading TWS session is connected from a different IP address, contract: Stock(conId=265598, symbol='AAPL', exchange='SMART', primaryExchange='NASDAQ', currency='USD', localSymbol='AAPL', tradingClass='NMS')

=== 03/03/2021 08:13:37 AM client ===

>>> 20,591,8314,IBM,STK,,0.0,,,SMART,NYSE,USD,IBM,IBM,0,,15 mins,1 W,0,TRADES,1,0,

=== 03/03/2021 08:13:38 AM client ===

<<< 4,2,591,162,Historical Market Data Service error message:Trading TWS session is connected from a different IP address

=== 03/03/2021 08:13:38 AM wrapper ===

Error 162, reqId 591: Historical Market Data Service error message:Trading TWS session is connected from a different IP address, contract: Stock(conId=8314, symbol='IBM', exchange='SMART', primaryExchange='NYSE', currency='USD', localSymbol='IBM', tradingClass='IBM')

=== 03/03/2021 08:13:39 AM client ===

>>> 9,8,592,0,MU,STK,,0.0,,,SMART,,USD,,,0,,

=== 03/03/2021 08:13:39 AM client ===

>>> 9,8,593,0,CSCO,STK,,0.0,,,SMART,,USD,,,0,,

=== 03/03/2021 08:13:39 AM client ===

>>> 9,8,594,0,AAPL,STK,,0.0,,,SMART,,USD,,,0,,

=== 03/03/2021 08:13:39 AM client ===

>>> 9,8,595,0,IBM,STK,,0.0,,,SMART,,USD,,,0,,

=== 03/03/2021 08:13:39 AM client ===

<<< 10,8,592,MU,STK,,0,,SMART,USD,MU,NMS,NMS,9939,0.01,100,,ACTIVETIM,AD,ADJUST,ALERT,ALGO,ALLOC,AVGCOST,BASKET,BENCHPX,CASHQTY,COND,CONDORDER,DARKONLY,DARKPOLL,DAY,DEACT,DEACTDIS,DEACTEOD,DIS,GAT,GTC,GTD,GTT,HID,IBKRATS,ICE,IMB,IOC,LIT,LMT,LOC,MIDPX,MIT,MKT,MOC,MTL,NGCOMB,NODARK,NONALGO,OCA,OPG,OPGREROUT,PEGBENCH,POSTONLY,PREOPGRTH,PRICECHK,REL,RPI,RTH,SCALE,SCALEODD,SCALERST,SIZECHK,SMARTSTG,SNAPMID,SNAPMKT,SNAPREL,STP,STPLMT,SWEEP,TRAIL,TRAILLIT,TRAILLMT,TRAILMIT,WHATIF,SMART,AMEX,NYSE,CBOE,PHLX,ISE,CHX,ARCA,ISLAND,DRCTEDGE,BEX,BATS,EDGEA,CSFBALGO,JEFFALGO,BYX,IEX,EDGX,FOXRIVER,PEARL,TPLUS1,NYSENAT,LTSE,MEMX,PSX,1,0,MICRON TECHNOLOGY INC,NASDAQ,,Technology,Semiconductors,Electronic Compo-Semicon,US/Eastern,20210303:0400-20210303:2000;20210304:0400-20210304:2000;20210305:0400-20210305:2000;20210306:CLOSED;20210307:CLOSED;20210308:0400-20210308:2000,20210303:0930-20210303:1600;20210304:0930-20210304:1600;20210305:0930-20210305:1600;20210306:CLOSED;20210307:CLOSED;20210308:0930-20210308:1600,,,1,ISIN,US5951121038,1,,,26,26,26,26,26,26,26,26,26,26,26,26,26,26,26,26,26,26,26,26,26,26,26,26,26,,COMMON

=== 03/03/2021 08:13:39 AM client ===

<<< 52,1,592

=== 03/03/2021 08:13:39 AM client ===

<<< 10,8,593,CSCO,STK,,0,,SMART,USD,CSCO,NMS,NMS,268084,0.01,100,,ACTIVETIM,AD,ADJUST,ALERT,ALGO,ALLOC,AVGCOST,BASKET,BENCHPX,CASHQTY,COND,CONDORDER,DARKONLY,DARKPOLL,DAY,DEACT,DEACTDIS,DEACTEOD,DIS,GAT,GTC,GTD,GTT,HID,IBKRATS,ICE,IMB,IOC,LIT,LMT,LOC,MIDPX,MIT,MKT,MOC,MTL,NGCOMB,NODARK,NONALGO,OCA,OPG,OPGREROUT,PEGBENCH,POSTONLY,PREOPGRTH,PRICECHK,REL,RPI,RTH,SCALE,SCALEODD,SCALERST,SIZECHK,SMARTSTG,SNAPMID,SNAPMKT,SNAPREL,STP,STPLMT,SWEEP,TRAIL,TRAILLIT,TRAILLMT,TRAILMIT,WHATIF,SMART,AMEX,NYSE,CBOE,PHLX,ISE,CHX,ARCA,ISLAND,DRCTEDGE,BEX,BATS,EDGEA,CSFBALGO,JEFFALGO,BYX,IEX,EDGX,FOXRIVER,PEARL,TPLUS1,NYSENAT,LTSE,MEMX,PSX,1,0,CISCO SYSTEMS INC,NASDAQ,,Communications,Telecommunications,Networking Products,US/Eastern,20210303:0400-20210303:2000;20210304:0400-20210304:2000;20210305:0400-20210305:2000;20210306:CLOSED;20210307:CLOSED;20210308:0400-20210308:2000,20210303:0930-20210303:1600;20210304:0930-20210304:1600;20210305:0930-20210305:1600;20210306:CLOSED;20210307:CLOSED;20210308:0930-20210308:1600,,,1,ISIN,US17275R1023,1,,,26,26,26,26,26,26,26,26,26,26,26,26,26,26,26,26,26,26,26,26,26,26,26,26,26,,COMMON

=== 03/03/2021 08:13:39 AM client ===

<<< 52,1,593

=== 03/03/2021 08:13:39 AM client ===

<<< 10,8,594,AAPL,STK,,0,,SMART,USD,AAPL,NMS,NMS,265598,0.01,100,,ACTIVETIM,AD,ADJUST,ALERT,ALGO,ALLOC,AVGCOST,BASKET,BENCHPX,CASHQTY,COND,CONDORDER,DARKONLY,DARKPOLL,DAY,DEACT,DEACTDIS,DEACTEOD,DIS,GAT,GTC,GTD,GTT,HID,IBKRATS,ICE,IMB,IOC,LIT,LMT,LOC,MIDPX,MIT,MKT,MOC,MTL,NGCOMB,NODARK,NONALGO,OCA,OPG,OPGREROUT,PEGBENCH,POSTONLY,PREOPGRTH,PRICECHK,REL,RPI,RTH,SCALE,SCALEODD,SCALERST,SIZECHK,SMARTSTG,SNAPMID,SNAPMKT,SNAPREL,STP,STPLMT,SWEEP,TRAIL,TRAILLIT,TRAILLMT,TRAILMIT,WHATIF,SMART,AMEX,NYSE,CBOE,PHLX,ISE,CHX,ARCA,ISLAND,DRCTEDGE,BEX,BATS,EDGEA,CSFBALGO,JEFFALGO,BYX,IEX,EDGX,FOXRIVER,PEARL,TPLUS1,NYSENAT,LTSE,MEMX,PSX,1,0,APPLE INC,NASDAQ,,Technology,Computers,Computers,US/Eastern,20210303:0400-20210303:2000;20210304:0400-20210304:2000;20210305:0400-20210305:2000;20210306:CLOSED;20210307:CLOSED;20210308:0400-20210308:2000,20210303:0930-20210303:1600;20210304:0930-20210304:1600;20210305:0930-20210305:1600;20210306:CLOSED;20210307:CLOSED;20210308:0930-20210308:1600,,,1,ISIN,US0378331005,1,,,26,26,26,26,26,26,26,26,26,26,26,26,26,26,26,26,26,26,26,26,26,26,26,26,26,,COMMON

=== 03/03/2021 08:13:39 AM client ===

<<< 52,1,594

=== 03/03/2021 08:13:39 AM client ===

<<< 10,8,595,IBM,STK,,0,,SMART,USD,IBM,IBM,IBM,8314,0.01,100,,ACTIVETIM,AD,ADJUST,ALERT,ALGO,ALLOC,AVGCOST,BASKET,BENCHPX,CASHQTY,COND,CONDORDER,DARKONLY,DARKPOLL,DAY,DEACT,DEACTDIS,DEACTEOD,DIS,GAT,GTC,GTD,GTT,HID,IBKRATS,ICE,IMB,IOC,LIT,LMT,LOC,MIDPX,MIT,MKT,MOC,MTL,NGCOMB,NODARK,NONALGO,OCA,OPG,OPGREROUT,PEGBENCH,POSTONLY,PREOPGRTH,PRICECHK,REL,RPI,RTH,RTHIGNOPG,SCALE,SCALEODD,SCALERST,SIZECHK,SMARTSTG,SNAPMID,SNAPMKT,SNAPREL,STP,STPLMT,SWEEP,TRAIL,TRAILLIT,TRAILLMT,TRAILMIT,WHATIF,SMART,AMEX,NYSE,CBOE,PHLX,ISE,CHX,ARCA,ISLAND,DRCTEDGE,BEX,BATS,EDGEA,CSFBALGO,JEFFALGO,BYX,IEX,EDGX,FOXRIVER,PEARL,TPLUS1,NYSENAT,LTSE,MEMX,PSX,1,0,INTL BUSINESS MACHINES CORP,NYSE,,Technology,Computers,Computer Services,US/Eastern,20210303:0400-20210303:2000;20210304:0400-20210304:2000;20210305:0400-20210305:2000;20210306:CLOSED;20210307:CLOSED;20210308:0400-20210308:2000,20210303:0930-20210303:1600;20210304:0930-20210304:1600;20210305:0930-20210305:1600;20210306:CLOSED;20210307:CLOSED;20210308:0930-20210308:1600,,,1,ISIN,US4592001014,1,,,26,26,26,26,26,26,26,26,26,26,26,26,26,26,26,26,26,26,26,26,26,26,26,26,26,,COMMON

=== 03/03/2021 08:13:39 AM client ===

<<< 52,1,595

=== 03/03/2021 08:13:39 AM client ===

>>> 20,596,9939,MU,STK,,0.0,,,SMART,NASDAQ,USD,MU,NMS,0,,5 mins,1 W,0,TRADES,1,0,

=== 03/03/2021 08:13:40 AM client ===

<<< 4,2,596,162,Historical Market Data Service error message:Trading TWS session is connected from a different IP address

=== 03/03/2021 08:13:40 AM wrapper ===

Error 162, reqId 596: Historical Market Data Service error message:Trading TWS session is connected from a different IP address, contract: Stock(conId=9939, symbol='MU', exchange='SMART', primaryExchange='NASDAQ', currency='USD', localSymbol='MU', tradingClass='NMS')

=== 03/03/2021 08:13:40 AM client ===

>>> 20,597,268084,CSCO,STK,,0.0,,,SMART,NASDAQ,USD,CSCO,NMS,0,,15 mins,1 W,0,TRADES,1,0,

=== 03/03/2021 08:13:41 AM client ===

<<< 4,2,597,162,Historical Market Data Service error message:Trading TWS session is connected from a different IP address

=== 03/03/2021 08:13:41 AM wrapper ===

Error 162, reqId 597: Historical Market Data Service error message:Trading TWS session is connected from a different IP address, contract: Stock(conId=268084, symbol='CSCO', exchange='SMART', primaryExchange='NASDAQ', currency='USD', localSymbol='CSCO', tradingClass='NMS')

=== 03/03/2021 08:13:41 AM client ===

>>> 20,598,265598,AAPL,STK,,0.0,,,SMART,NASDAQ,USD,AAPL,NMS,0,,15 mins,1 W,0,TRADES,1,0,

=== 03/03/2021 08:13:42 AM client ===

<<< 4,2,598,162,Historical Market Data Service error message:Trading TWS session is connected from a different IP address

=== 03/03/2021 08:13:42 AM wrapper ===

Error 162, reqId 598: Historical Market Data Service error message:Trading TWS session is connected from a different IP address, contract: Stock(conId=265598, symbol='AAPL', exchange='SMART', primaryExchange='NASDAQ', currency='USD', localSymbol='AAPL', tradingClass='NMS')

=== 03/03/2021 08:13:42 AM client ===

>>> 20,599,8314,IBM,STK,,0.0,,,SMART,NYSE,USD,IBM,IBM,0,,15 mins,1 W,0,TRADES,1,0,

=== 03/03/2021 08:13:42 AM client ===

<<< 4,2,599,162,Historical Market Data Service error message:Trading TWS session is connected from a different IP address

=== 03/03/2021 08:13:42 AM wrapper ===

Error 162, reqId 599: Historical Market Data Service error message:Trading TWS session is connected from a different IP address, contract: Stock(conId=8314, symbol='IBM', exchange='SMART', primaryExchange='NYSE', currency='USD', localSymbol='IBM', tradingClass='IBM')

=== 03/03/2021 08:13:43 AM client ===

>>> 9,8,600,0,MU,STK,,0.0,,,SMART,,USD,,,0,,

=== 03/03/2021 08:13:43 AM client ===

>>> 9,8,601,0,CSCO,STK,,0.0,,,SMART,,USD,,,0,,

=== 03/03/2021 08:13:43 AM client ===

>>> 9,8,602,0,AAPL,STK,,0.0,,,SMART,,USD,,,0,,

=== 03/03/2021 08:13:43 AM client ===

>>> 9,8,603,0,IBM,STK,,0.0,,,SMART,,USD,,,0,,

=== 03/03/2021 08:13:44 AM client ===

<<< 10,8,600,MU,STK,,0,,SMART,USD,MU,NMS,NMS,9939,0.01,100,,ACTIVETIM,AD,ADJUST,ALERT,ALGO,ALLOC,AVGCOST,BASKET,BENCHPX,CASHQTY,COND,CONDORDER,DARKONLY,DARKPOLL,DAY,DEACT,DEACTDIS,DEACTEOD,DIS,GAT,GTC,GTD,GTT,HID,IBKRATS,ICE,IMB,IOC,LIT,LMT,LOC,MIDPX,MIT,MKT,MOC,MTL,NGCOMB,NODARK,NONALGO,OCA,OPG,OPGREROUT,PEGBENCH,POSTONLY,PREOPGRTH,PRICECHK,REL,RPI,RTH,SCALE,SCALEODD,SCALERST,SIZECHK,SMARTSTG,SNAPMID,SNAPMKT,SNAPREL,STP,STPLMT,SWEEP,TRAIL,TRAILLIT,TRAILLMT,TRAILMIT,WHATIF,SMART,AMEX,NYSE,CBOE,PHLX,ISE,CHX,ARCA,ISLAND,DRCTEDGE,BEX,BATS,EDGEA,CSFBALGO,JEFFALGO,BYX,IEX,EDGX,FOXRIVER,PEARL,TPLUS1,NYSENAT,LTSE,MEMX,PSX,1,0,MICRON TECHNOLOGY INC,NASDAQ,,Technology,Semiconductors,Electronic Compo-Semicon,US/Eastern,20210303:0400-20210303:2000;20210304:0400-20210304:2000;20210305:0400-20210305:2000;20210306:CLOSED;20210307:CLOSED;20210308:0400-20210308:2000,20210303:0930-20210303:1600;20210304:0930-20210304:1600;20210305:0930-20210305:1600;20210306:CLOSED;20210307:CLOSED;20210308:0930-20210308:1600,,,1,ISIN,US5951121038,1,,,26,26,26,26,26,26,26,26,26,26,26,26,26,26,26,26,26,26,26,26,26,26,26,26,26,,COMMON

=== 03/03/2021 08:13:44 AM client ===

<<< 52,1,600

=== 03/03/2021 08:13:44 AM client ===

<<< 10,8,601,CSCO,STK,,0,,SMART,USD,CSCO,NMS,NMS,268084,0.01,100,,ACTIVETIM,AD,ADJUST,ALERT,ALGO,ALLOC,AVGCOST,BASKET,BENCHPX,CASHQTY,COND,CONDORDER,DARKONLY,DARKPOLL,DAY,DEACT,DEACTDIS,DEACTEOD,DIS,GAT,GTC,GTD,GTT,HID,IBKRATS,ICE,IMB,IOC,LIT,LMT,LOC,MIDPX,MIT,MKT,MOC,MTL,NGCOMB,NODARK,NONALGO,OCA,OPG,OPGREROUT,PEGBENCH,POSTONLY,PREOPGRTH,PRICECHK,REL,RPI,RTH,SCALE,SCALEODD,SCALERST,SIZECHK,SMARTSTG,SNAPMID,SNAPMKT,SNAPREL,STP,STPLMT,SWEEP,TRAIL,TRAILLIT,TRAILLMT,TRAILMIT,WHATIF,SMART,AMEX,NYSE,CBOE,PHLX,ISE,CHX,ARCA,ISLAND,DRCTEDGE,BEX,BATS,EDGEA,CSFBALGO,JEFFALGO,BYX,IEX,EDGX,FOXRIVER,PEARL,TPLUS1,NYSENAT,LTSE,MEMX,PSX,1,0,CISCO SYSTEMS INC,NASDAQ,,Communications,Telecommunications,Networking Products,US/Eastern,20210303:0400-20210303:2000;20210304:0400-20210304:2000;20210305:0400-20210305:2000;20210306:CLOSED;20210307:CLOSED;20210308:0400-20210308:2000,20210303:0930-20210303:1600;20210304:0930-20210304:1600;20210305:0930-20210305:1600;20210306:CLOSED;20210307:CLOSED;20210308:0930-20210308:1600,,,1,ISIN,US17275R1023,1,,,26,26,26,26,26,26,26,26,26,26,26,26,26,26,26,26,26,26,26,26,26,26,26,26,26,,COMMON

=== 03/03/2021 08:13:44 AM client ===

<<< 52,1,601

=== 03/03/2021 08:13:44 AM client ===

<<< 10,8,602,AAPL,STK,,0,,SMART,USD,AAPL,NMS,NMS,265598,0.01,100,,ACTIVETIM,AD,ADJUST,ALERT,ALGO,ALLOC,AVGCOST,BASKET,BENCHPX,CASHQTY,COND,CONDORDER,DARKONLY,DARKPOLL,DAY,DEACT,DEACTDIS,DEACTEOD,DIS,GAT,GTC,GTD,GTT,HID,IBKRATS,ICE,IMB,IOC,LIT,LMT,LOC,MIDPX,MIT,MKT,MOC,MTL,NGCOMB,NODARK,NONALGO,OCA,OPG,OPGREROUT,PEGBENCH,POSTONLY,PREOPGRTH,PRICECHK,REL,RPI,RTH,SCALE,SCALEODD,SCALERST,SIZECHK,SMARTSTG,SNAPMID,SNAPMKT,SNAPREL,STP,STPLMT,SWEEP,TRAIL,TRAILLIT,TRAILLMT,TRAILMIT,WHATIF,SMART,AMEX,NYSE,CBOE,PHLX,ISE,CHX,ARCA,ISLAND,DRCTEDGE,BEX,BATS,EDGEA,CSFBALGO,JEFFALGO,BYX,IEX,EDGX,FOXRIVER,PEARL,TPLUS1,NYSENAT,LTSE,MEMX,PSX,1,0,APPLE INC,NASDAQ,,Technology,Computers,Computers,US/Eastern,20210303:0400-20210303:2000;20210304:0400-20210304:2000;20210305:0400-20210305:2000;20210306:CLOSED;20210307:CLOSED;20210308:0400-20210308:2000,20210303:0930-20210303:1600;20210304:0930-20210304:1600;20210305:0930-20210305:1600;20210306:CLOSED;20210307:CLOSED;20210308:0930-20210308:1600,,,1,ISIN,US0378331005,1,,,26,26,26,26,26,26,26,26,26,26,26,26,26,26,26,26,26,26,26,26,26,26,26,26,26,,COMMON

=== 03/03/2021 08:13:44 AM client ===

<<< 52,1,602

=== 03/03/2021 08:13:45 AM client ===

<<< 10,8,603,IBM,STK,,0,,SMART,USD,IBM,IBM,IBM,8314,0.01,100,,ACTIVETIM,AD,ADJUST,ALERT,ALGO,ALLOC,AVGCOST,BASKET,BENCHPX,CASHQTY,COND,CONDORDER,DARKONLY,DARKPOLL,DAY,DEACT,DEACTDIS,DEACTEOD,DIS,GAT,GTC,GTD,GTT,HID,IBKRATS,ICE,IMB,IOC,LIT,LMT,LOC,MIDPX,MIT,MKT,MOC,MTL,NGCOMB,NODARK,NONALGO,OCA,OPG,OPGREROUT,PEGBENCH,POSTONLY,PREOPGRTH,PRICECHK,REL,RPI,RTH,RTHIGNOPG,SCALE,SCALEODD,SCALERST,SIZECHK,SMARTSTG,SNAPMID,SNAPMKT,SNAPREL,STP,STPLMT,SWEEP,TRAIL,TRAILLIT,TRAILLMT,TRAILMIT,WHATIF,SMART,AMEX,NYSE,CBOE,PHLX,ISE,CHX,ARCA,ISLAND,DRCTEDGE,BEX,BATS,EDGEA,CSFBALGO,JEFFALGO,BYX,IEX,EDGX,FOXRIVER,PEARL,TPLUS1,NYSENAT,LTSE,MEMX,PSX,1,0,INTL BUSINESS MACHINES CORP,NYSE,,Technology,Computers,Computer Services,US/Eastern,20210303:0400-20210303:2000;20210304:0400-20210304:2000;20210305:0400-20210305:2000;20210306:CLOSED;20210307:CLOSED;20210308:0400-20210308:2000,20210303:0930-20210303:1600;20210304:0930-20210304:1600;20210305:0930-20210305:1600;20210306:CLOSED;20210307:CLOSED;20210308:0930-20210308:1600,,,1,ISIN,US4592001014,1,,,26,26,26,26,26,26,26,26,26,26,26,26,26,26,26,26,26,26,26,26,26,26,26,26,26,,COMMON

=== 03/03/2021 08:13:45 AM client ===

<<< 52,1,603

=== 03/03/2021 08:13:45 AM client ===

>>> 20,604,9939,MU,STK,,0.0,,,SMART,NASDAQ,USD,MU,NMS,0,,5 mins,1 W,0,TRADES,1,0,

=== 03/03/2021 08:13:45 AM client ===

<<< 4,2,604,162,Historical Market Data Service error message:Trading TWS session is connected from a different IP address

=== 03/03/2021 08:13:45 AM wrapper ===

Error 162, reqId 604: Historical Market Data Service error message:Trading TWS session is connected from a different IP address, contract: Stock(conId=9939, symbol='MU', exchange='SMART', primaryExchange='NASDAQ', currency='USD', localSymbol='MU', tradingClass='NMS')

=== 03/03/2021 08:13:45 AM client ===

>>> 20,605,268084,CSCO,STK,,0.0,,,SMART,NASDAQ,USD,CSCO,NMS,0,,15 mins,1 W,0,TRADES,1,0,

=== 03/03/2021 08:13:46 AM client ===

<<< 4,2,605,162,Historical Market Data Service error message:Trading TWS session is connected from a different IP address

=== 03/03/2021 08:13:46 AM wrapper ===

Error 162, reqId 605: Historical Market Data Service error message:Trading TWS session is connected from a different IP address, contract: Stock(conId=268084, symbol='CSCO', exchange='SMART', primaryExchange='NASDAQ', currency='USD', localSymbol='CSCO', tradingClass='NMS')

=== 03/03/2021 08:13:46 AM client ===

>>> 20,606,265598,AAPL,STK,,0.0,,,SMART,NASDAQ,USD,AAPL,NMS,0,,15 mins,1 W,0,TRADES,1,0,

=== 03/03/2021 08:13:47 AM client ===

<<< 4,2,606,162,Historical Market Data Service error message:Trading TWS session is connected from a different IP address

=== 03/03/2021 08:13:47 AM wrapper ===

Error 162, reqId 606: Historical Market Data Service error message:Trading TWS session is connected from a different IP address, contract: Stock(conId=265598, symbol='AAPL', exchange='SMART', primaryExchange='NASDAQ', currency='USD', localSymbol='AAPL', tradingClass='NMS')

=== 03/03/2021 08:13:47 AM client ===

>>> 20,607,8314,IBM,STK,,0.0,,,SMART,NYSE,USD,IBM,IBM,0,,15 mins,1 W,0,TRADES,1,0,

=== 03/03/2021 08:13:47 AM client ===

<<< 4,2,607,162,Historical Market Data Service error message:Trading TWS session is connected from a different IP address

=== 03/03/2021 08:13:47 AM wrapper ===

Error 162, reqId 607: Historical Market Data Service error message:Trading TWS session is connected from a different IP address, contract: Stock(conId=8314, symbol='IBM', exchange='SMART', primaryExchange='NYSE', currency='USD', localSymbol='IBM', tradingClass='IBM')

=== 03/03/2021 08:13:48 AM client ===

>>> 9,8,608,0,MU,STK,,0.0,,,SMART,,USD,,,0,,

=== 03/03/2021 08:13:48 AM client ===

>>> 9,8,609,0,CSCO,STK,,0.0,,,SMART,,USD,,,0,,

=== 03/03/2021 08:13:48 AM client ===

>>> 9,8,610,0,AAPL,STK,,0.0,,,SMART,,USD,,,0,,

=== 03/03/2021 08:13:48 AM client ===

>>> 9,8,611,0,IBM,STK,,0.0,,,SMART,,USD,,,0,,

=== 03/03/2021 08:13:49 AM client ===

<<< 10,8,608,MU,STK,,0,,SMART,USD,MU,NMS,NMS,9939,0.01,100,,ACTIVETIM,AD,ADJUST,ALERT,ALGO,ALLOC,AVGCOST,BASKET,BENCHPX,CASHQTY,COND,CONDORDER,DARKONLY,DARKPOLL,DAY,DEACT,DEACTDIS,DEACTEOD,DIS,GAT,GTC,GTD,GTT,HID,IBKRATS,ICE,IMB,IOC,LIT,LMT,LOC,MIDPX,MIT,MKT,MOC,MTL,NGCOMB,NODARK,NONALGO,OCA,OPG,OPGREROUT,PEGBENCH,POSTONLY,PREOPGRTH,PRICECHK,REL,RPI,RTH,SCALE,SCALEODD,SCALERST,SIZECHK,SMARTSTG,SNAPMID,SNAPMKT,SNAPREL,STP,STPLMT,SWEEP,TRAIL,TRAILLIT,TRAILLMT,TRAILMIT,WHATIF,SMART,AMEX,NYSE,CBOE,PHLX,ISE,CHX,ARCA,ISLAND,DRCTEDGE,BEX,BATS,EDGEA,CSFBALGO,JEFFALGO,BYX,IEX,EDGX,FOXRIVER,PEARL,TPLUS1,NYSENAT,LTSE,MEMX,PSX,1,0,MICRON TECHNOLOGY INC,NASDAQ,,Technology,Semiconductors,Electronic Compo-Semicon,US/Eastern,20210303:0400-20210303:2000;20210304:0400-20210304:2000;20210305:0400-20210305:2000;20210306:CLOSED;20210307:CLOSED;20210308:0400-20210308:2000,20210303:0930-20210303:1600;20210304:0930-20210304:1600;20210305:0930-20210305:1600;20210306:CLOSED;20210307:CLOSED;20210308:0930-20210308:1600,,,1,ISIN,US5951121038,1,,,26,26,26,26,26,26,26,26,26,26,26,26,26,26,26,26,26,26,26,26,26,26,26,26,26,,COMMON

=== 03/03/2021 08:13:49 AM client ===

<<< 52,1,608

=== 03/03/2021 08:13:49 AM client ===

<<< 10,8,609,CSCO,STK,,0,,SMART,USD,CSCO,NMS,NMS,268084,0.01,100,,ACTIVETIM,AD,ADJUST,ALERT,ALGO,ALLOC,AVGCOST,BASKET,BENCHPX,CASHQTY,COND,CONDORDER,DARKONLY,DARKPOLL,DAY,DEACT,DEACTDIS,DEACTEOD,DIS,GAT,GTC,GTD,GTT,HID,IBKRATS,ICE,IMB,IOC,LIT,LMT,LOC,MIDPX,MIT,MKT,MOC,MTL,NGCOMB,NODARK,NONALGO,OCA,OPG,OPGREROUT,PEGBENCH,POSTONLY,PREOPGRTH,PRICECHK,REL,RPI,RTH,SCALE,SCALEODD,SCALERST,SIZECHK,SMARTSTG,SNAPMID,SNAPMKT,SNAPREL,STP,STPLMT,SWEEP,TRAIL,TRAILLIT,TRAILLMT,TRAILMIT,WHATIF,SMART,AMEX,NYSE,CBOE,PHLX,ISE,CHX,ARCA,ISLAND,DRCTEDGE,BEX,BATS,EDGEA,CSFBALGO,JEFFALGO,BYX,IEX,EDGX,FOXRIVER,PEARL,TPLUS1,NYSENAT,LTSE,MEMX,PSX,1,0,CISCO SYSTEMS INC,NASDAQ,,Communications,Telecommunications,Networking Products,US/Eastern,20210303:0400-20210303:2000;20210304:0400-20210304:2000;20210305:0400-20210305:2000;20210306:CLOSED;20210307:CLOSED;20210308:0400-20210308:2000,20210303:0930-20210303:1600;20210304:0930-20210304:1600;20210305:0930-20210305:1600;20210306:CLOSED;20210307:CLOSED;20210308:0930-20210308:1600,,,1,ISIN,US17275R1023,1,,,26,26,26,26,26,26,26,26,26,26,26,26,26,26,26,26,26,26,26,26,26,26,26,26,26,,COMMON

=== 03/03/2021 08:13:49 AM client ===

<<< 52,1,609

=== 03/03/2021 08:13:49 AM client ===

<<< 10,8,610,AAPL,STK,,0,,SMART,USD,AAPL,NMS,NMS,265598,0.01,100,,ACTIVETIM,AD,ADJUST,ALERT,ALGO,ALLOC,AVGCOST,BASKET,BENCHPX,CASHQTY,COND,CONDORDER,DARKONLY,DARKPOLL,DAY,DEACT,DEACTDIS,DEACTEOD,DIS,GAT,GTC,GTD,GTT,HID,IBKRATS,ICE,IMB,IOC,LIT,LMT,LOC,MIDPX,MIT,MKT,MOC,MTL,NGCOMB,NODARK,NONALGO,OCA,OPG,OPGREROUT,PEGBENCH,POSTONLY,PREOPGRTH,PRICECHK,REL,RPI,RTH,SCALE,SCALEODD,SCALERST,SIZECHK,SMARTSTG,SNAPMID,SNAPMKT,SNAPREL,STP,STPLMT,SWEEP,TRAIL,TRAILLIT,TRAILLMT,TRAILMIT,WHATIF,SMART,AMEX,NYSE,CBOE,PHLX,ISE,CHX,ARCA,ISLAND,DRCTEDGE,BEX,BATS,EDGEA,CSFBALGO,JEFFALGO,BYX,IEX,EDGX,FOXRIVER,PEARL,TPLUS1,NYSENAT,LTSE,MEMX,PSX,1,0,APPLE INC,NASDAQ,,Technology,Computers,Computers,US/Eastern,20210303:0400-20210303:2000;20210304:0400-20210304:2000;20210305:0400-20210305:2000;20210306:CLOSED;20210307:CLOSED;20210308:0400-20210308:2000,20210303:0930-20210303:1600;20210304:0930-20210304:1600;20210305:0930-20210305:1600;20210306:CLOSED;20210307:CLOSED;20210308:0930-20210308:1600,,,1,ISIN,US0378331005,1,,,26,26,26,26,26,26,26,26,26,26,26,26,26,26,26,26,26,26,26,26,26,26,26,26,26,,COMMON

=== 03/03/2021 08:13:49 AM client ===

<<< 52,1,610

=== 03/03/2021 08:13:49 AM client ===

<<< 10,8,611,IBM,STK,,0,,SMART,USD,IBM,IBM,IBM,8314,0.01,100,,ACTIVETIM,AD,ADJUST,ALERT,ALGO,ALLOC,AVGCOST,BASKET,BENCHPX,CASHQTY,COND,CONDORDER,DARKONLY,DARKPOLL,DAY,DEACT,DEACTDIS,DEACTEOD,DIS,GAT,GTC,GTD,GTT,HID,IBKRATS,ICE,IMB,IOC,LIT,LMT,LOC,MIDPX,MIT,MKT,MOC,MTL,NGCOMB,NODARK,NONALGO,OCA,OPG,OPGREROUT,PEGBENCH,POSTONLY,PREOPGRTH,PRICECHK,REL,RPI,RTH,RTHIGNOPG,SCALE,SCALEODD,SCALERST,SIZECHK,SMARTSTG,SNAPMID,SNAPMKT,SNAPREL,STP,STPLMT,SWEEP,TRAIL,TRAILLIT,TRAILLMT,TRAILMIT,WHATIF,SMART,AMEX,NYSE,CBOE,PHLX,ISE,CHX,ARCA,ISLAND,DRCTEDGE,BEX,BATS,EDGEA,CSFBALGO,JEFFALGO,BYX,IEX,EDGX,FOXRIVER,PEARL,TPLUS1,NYSENAT,LTSE,MEMX,PSX,1,0,INTL BUSINESS MACHINES CORP,NYSE,,Technology,Computers,Computer Services,US/Eastern,20210303:0400-20210303:2000;20210304:0400-20210304:2000;20210305:0400-20210305:2000;20210306:CLOSED;20210307:CLOSED;20210308:0400-20210308:2000,20210303:0930-20210303:1600;20210304:0930-20210304:1600;20210305:0930-20210305:1600;20210306:CLOSED;20210307:CLOSED;20210308:0930-20210308:1600,,,1,ISIN,US4592001014,1,,,26,26,26,26,26,26,26,26,26,26,26,26,26,26,26,26,26,26,26,26,26,26,26,26,26,,COMMON

=== 03/03/2021 08:13:49 AM client ===

<<< 52,1,611

=== 03/03/2021 08:13:49 AM client ===

>>> 20,612,9939,MU,STK,,0.0,,,SMART,NASDAQ,USD,MU,NMS,0,,5 mins,1 W,0,TRADES,1,0,

=== 03/03/2021 08:13:50 AM client ===

<<< 4,2,612,162,Historical Market Data Service error message:Trading TWS session is connected from a different IP address

=== 03/03/2021 08:13:50 AM wrapper ===

Error 162, reqId 612: Historical Market Data Service error message:Trading TWS session is connected from a different IP address, contract: Stock(conId=9939, symbol='MU', exchange='SMART', primaryExchange='NASDAQ', currency='USD', localSymbol='MU', tradingClass='NMS')

=== 03/03/2021 08:13:50 AM client ===

>>> 20,613,268084,CSCO,STK,,0.0,,,SMART,NASDAQ,USD,CSCO,NMS,0,,15 mins,1 W,0,TRADES,1,0,

=== 03/03/2021 08:13:50 AM client ===

<<< 4,2,613,162,Historical Market Data Service error message:Trading TWS session is connected from a different IP address

=== 03/03/2021 08:13:50 AM wrapper ===

Error 162, reqId 613: Historical Market Data Service error message:Trading TWS session is connected from a different IP address, contract: Stock(conId=268084, symbol='CSCO', exchange='SMART', primaryExchange='NASDAQ', currency='USD', localSymbol='CSCO', tradingClass='NMS')

=== 03/03/2021 08:13:50 AM client ===

>>> 20,614,265598,AAPL,STK,,0.0,,,SMART,NASDAQ,USD,AAPL,NMS,0,,15 mins,1 W,0,TRADES,1,0,

=== 03/03/2021 08:13:51 AM client ===

<<< 4,2,614,162,Historical Market Data Service error message:Trading TWS session is connected from a different IP address

=== 03/03/2021 08:13:51 AM wrapper ===

Error 162, reqId 614: Historical Market Data Service error message:Trading TWS session is connected from a different IP address, contract: Stock(conId=265598, symbol='AAPL', exchange='SMART', primaryExchange='NASDAQ', currency='USD', localSymbol='AAPL', tradingClass='NMS')

=== 03/03/2021 08:13:51 AM client ===

>>> 20,615,8314,IBM,STK,,0.0,,,SMART,NYSE,USD,IBM,IBM,0,,15 mins,1 W,0,TRADES,1,0,

=== 03/03/2021 08:13:52 AM client ===

<<< 4,2,615,162,Historical Market Data Service error message:Trading TWS session is connected from a different IP address

=== 03/03/2021 08:13:52 AM wrapper ===

Error 162, reqId 615: Historical Market Data Service error message:Trading TWS session is connected from a different IP address, contract: Stock(conId=8314, symbol='IBM', exchange='SMART', primaryExchange='NYSE', currency='USD', localSymbol='IBM', tradingClass='IBM')

=== 03/03/2021 08:13:53 AM client ===

>>> 9,8,616,0,MU,STK,,0.0,,,SMART,,USD,,,0,,

=== 03/03/2021 08:13:53 AM client ===

>>> 9,8,617,0,CSCO,STK,,0.0,,,SMART,,USD,,,0,,

=== 03/03/2021 08:13:53 AM client ===

>>> 9,8,618,0,AAPL,STK,,0.0,,,SMART,,USD,,,0,,

=== 03/03/2021 08:13:53 AM client ===

>>> 9,8,619,0,IBM,STK,,0.0,,,SMART,,USD,,,0,,

=== 03/03/2021 08:13:53 AM client ===

<<< 10,8,616,MU,STK,,0,,SMART,USD,MU,NMS,NMS,9939,0.01,100,,ACTIVETIM,AD,ADJUST,ALERT,ALGO,ALLOC,AVGCOST,BASKET,BENCHPX,CASHQTY,COND,CONDORDER,DARKONLY,DARKPOLL,DAY,DEACT,DEACTDIS,DEACTEOD,DIS,GAT,GTC,GTD,GTT,HID,IBKRATS,ICE,IMB,IOC,LIT,LMT,LOC,MIDPX,MIT,MKT,MOC,MTL,NGCOMB,NODARK,NONALGO,OCA,OPG,OPGREROUT,PEGBENCH,POSTONLY,PREOPGRTH,PRICECHK,REL,RPI,RTH,SCALE,SCALEODD,SCALERST,SIZECHK,SMARTSTG,SNAPMID,SNAPMKT,SNAPREL,STP,STPLMT,SWEEP,TRAIL,TRAILLIT,TRAILLMT,TRAILMIT,WHATIF,SMART,AMEX,NYSE,CBOE,PHLX,ISE,CHX,ARCA,ISLAND,DRCTEDGE,BEX,BATS,EDGEA,CSFBALGO,JEFFALGO,BYX,IEX,EDGX,FOXRIVER,PEARL,TPLUS1,NYSENAT,LTSE,MEMX,PSX,1,0,MICRON TECHNOLOGY INC,NASDAQ,,Technology,Semiconductors,Electronic Compo-Semicon,US/Eastern,20210303:0400-20210303:2000;20210304:0400-20210304:2000;20210305:0400-20210305:2000;20210306:CLOSED;20210307:CLOSED;20210308:0400-20210308:2000,20210303:0930-20210303:1600;20210304:0930-20210304:1600;20210305:0930-20210305:1600;20210306:CLOSED;20210307:CLOSED;20210308:0930-20210308:1600,,,1,ISIN,US5951121038,1,,,26,26,26,26,26,26,26,26,26,26,26,26,26,26,26,26,26,26,26,26,26,26,26,26,26,,COMMON

=== 03/03/2021 08:13:53 AM client ===

<<< 52,1,616

=== 03/03/2021 08:13:54 AM client ===

<<< 10,8,617,CSCO,STK,,0,,SMART,USD,CSCO,NMS,NMS,268084,0.01,100,,ACTIVETIM,AD,ADJUST,ALERT,ALGO,ALLOC,AVGCOST,BASKET,BENCHPX,CASHQTY,COND,CONDORDER,DARKONLY,DARKPOLL,DAY,DEACT,DEACTDIS,DEACTEOD,DIS,GAT,GTC,GTD,GTT,HID,IBKRATS,ICE,IMB,IOC,LIT,LMT,LOC,MIDPX,MIT,MKT,MOC,MTL,NGCOMB,NODARK,NONALGO,OCA,OPG,OPGREROUT,PEGBENCH,POSTONLY,PREOPGRTH,PRICECHK,REL,RPI,RTH,SCALE,SCALEODD,SCALERST,SIZECHK,SMARTSTG,SNAPMID,SNAPMKT,SNAPREL,STP,STPLMT,SWEEP,TRAIL,TRAILLIT,TRAILLMT,TRAILMIT,WHATIF,SMART,AMEX,NYSE,CBOE,PHLX,ISE,CHX,ARCA,ISLAND,DRCTEDGE,BEX,BATS,EDGEA,CSFBALGO,JEFFALGO,BYX,IEX,EDGX,FOXRIVER,PEARL,TPLUS1,NYSENAT,LTSE,MEMX,PSX,1,0,CISCO SYSTEMS INC,NASDAQ,,Communications,Telecommunications,Networking Products,US/Eastern,20210303:0400-20210303:2000;20210304:0400-20210304:2000;20210305:0400-20210305:2000;20210306:CLOSED;20210307:CLOSED;20210308:0400-20210308:2000,20210303:0930-20210303:1600;20210304:0930-20210304:1600;20210305:0930-20210305:1600;20210306:CLOSED;20210307:CLOSED;20210308:0930-20210308:1600,,,1,ISIN,US17275R1023,1,,,26,26,26,26,26,26,26,26,26,26,26,26,26,26,26,26,26,26,26,26,26,26,26,26,26,,COMMON

=== 03/03/2021 08:13:54 AM client ===

<<< 52,1,617

=== 03/03/2021 08:13:54 AM client ===

<<< 10,8,618,AAPL,STK,,0,,SMART,USD,AAPL,NMS,NMS,265598,0.01,100,,ACTIVETIM,AD,ADJUST,ALERT,ALGO,ALLOC,AVGCOST,BASKET,BENCHPX,CASHQTY,COND,CONDORDER,DARKONLY,DARKPOLL,DAY,DEACT,DEACTDIS,DEACTEOD,DIS,GAT,GTC,GTD,GTT,HID,IBKRATS,ICE,IMB,IOC,LIT,LMT,LOC,MIDPX,MIT,MKT,MOC,MTL,NGCOMB,NODARK,NONALGO,OCA,OPG,OPGREROUT,PEGBENCH,POSTONLY,PREOPGRTH,PRICECHK,REL,RPI,RTH,SCALE,SCALEODD,SCALERST,SIZECHK,SMARTSTG,SNAPMID,SNAPMKT,SNAPREL,STP,STPLMT,SWEEP,TRAIL,TRAILLIT,TRAILLMT,TRAILMIT,WHATIF,SMART,AMEX,NYSE,CBOE,PHLX,ISE,CHX,ARCA,ISLAND,DRCTEDGE,BEX,BATS,EDGEA,CSFBALGO,JEFFALGO,BYX,IEX,EDGX,FOXRIVER,PEARL,TPLUS1,NYSENAT,LTSE,MEMX,PSX,1,0,APPLE INC,NASDAQ,,Technology,Computers,Computers,US/Eastern,20210303:0400-20210303:2000;20210304:0400-20210304:2000;20210305:0400-20210305:2000;20210306:CLOSED;20210307:CLOSED;20210308:0400-20210308:2000,20210303:0930-20210303:1600;20210304:0930-20210304:1600;20210305:0930-20210305:1600;20210306:CLOSED;20210307:CLOSED;20210308:0930-20210308:1600,,,1,ISIN,US0378331005,1,,,26,26,26,26,26,26,26,26,26,26,26,26,26,26,26,26,26,26,26,26,26,26,26,26,26,,COMMON

=== 03/03/2021 08:13:54 AM client ===

<<< 52,1,618

=== 03/03/2021 08:13:54 AM client ===

<<< 10,8,619,IBM,STK,,0,,SMART,USD,IBM,IBM,IBM,8314,0.01,100,,ACTIVETIM,AD,ADJUST,ALERT,ALGO,ALLOC,AVGCOST,BASKET,BENCHPX,CASHQTY,COND,CONDORDER,DARKONLY,DARKPOLL,DAY,DEACT,DEACTDIS,DEACTEOD,DIS,GAT,GTC,GTD,GTT,HID,IBKRATS,ICE,IMB,IOC,LIT,LMT,LOC,MIDPX,MIT,MKT,MOC,MTL,NGCOMB,NODARK,NONALGO,OCA,OPG,OPGREROUT,PEGBENCH,POSTONLY,PREOPGRTH,PRICECHK,REL,RPI,RTH,RTHIGNOPG,SCALE,SCALEODD,SCALERST,SIZECHK,SMARTSTG,SNAPMID,SNAPMKT,SNAPREL,STP,STPLMT,SWEEP,TRAIL,TRAILLIT,TRAILLMT,TRAILMIT,WHATIF,SMART,AMEX,NYSE,CBOE,PHLX,ISE,CHX,ARCA,ISLAND,DRCTEDGE,BEX,BATS,EDGEA,CSFBALGO,JEFFALGO,BYX,IEX,EDGX,FOXRIVER,PEARL,TPLUS1,NYSENAT,LTSE,MEMX,PSX,1,0,INTL BUSINESS MACHINES CORP,NYSE,,Technology,Computers,Computer Services,US/Eastern,20210303:0400-20210303:2000;20210304:0400-20210304:2000;20210305:0400-20210305:2000;20210306:CLOSED;20210307:CLOSED;20210308:0400-20210308:2000,20210303:0930-20210303:1600;20210304:0930-20210304:1600;20210305:0930-20210305:1600;20210306:CLOSED;20210307:CLOSED;20210308:0930-20210308:1600,,,1,ISIN,US4592001014,1,,,26,26,26,26,26,26,26,26,26,26,26,26,26,26,26,26,26,26,26,26,26,26,26,26,26,,COMMON

=== 03/03/2021 08:13:54 AM client ===

<<< 52,1,619

=== 03/03/2021 08:13:54 AM client ===

>>> 20,620,9939,MU,STK,,0.0,,,SMART,NASDAQ,USD,MU,NMS,0,,5 mins,1 W,0,TRADES,1,0,

=== 03/03/2021 08:13:54 AM client ===

<<< 4,2,620,162,Historical Market Data Service error message:Trading TWS session is connected from a different IP address

=== 03/03/2021 08:13:54 AM wrapper ===

Error 162, reqId 620: Historical Market Data Service error message:Trading TWS session is connected from a different IP address, contract: Stock(conId=9939, symbol='MU', exchange='SMART', primaryExchange='NASDAQ', currency='USD', localSymbol='MU', tradingClass='NMS')

=== 03/03/2021 08:13:54 AM client ===

>>> 20,621,268084,CSCO,STK,,0.0,,,SMART,NASDAQ,USD,CSCO,NMS,0,,15 mins,1 W,0,TRADES,1,0,
